Component: ARM Compiler 5.06 update 4 (build 422) Tool: armlink [4d35d2]

==============================================================================

Section Cross References

    main.o(.text) refers to clock.o(.text) for SystemClock_Init
    main.o(.text) refers to misc.o(.text) for NVIC_PriorityGroupConfig
    main.o(.text) refers to led.o(.text) for Led_Init
    main.o(.text) refers to beep.o(.text) for Beep_Init
    main.o(.text) refers to ili9488.o(.text) for LCD_Init
    main.o(.text) refers to systick.o(.text) for Delay_ms
    main.o(.text) refers to adc.o(.text) for Adc_Init
    main.o(.text) refers to nrf24l01.o(.text) for NRF24L01_Init
    main.o(.text) refers to exti.o(.text) for EXTI0_Init
    main.o(.text) refers to stm32f4xx_gpio.o(.text) for GPIO_ResetBits
    main.o(.text) refers to timer.o(.text) for TIM3_Int_Init
    main.o(.text) refers to show.o(.data) for Page_Next
    ano_dt.o(.text) refers to usart.o(.text) for USART1_SendData
    ano_dt.o(.text) refers to ano_dt.o(.bss) for data_to_send
    ano_dt.o(.text) refers to ano_dt.o(.data) for state
    gps.o(.text) refers to systick.o(.text) for Delay_ms
    gps.o(.text) refers to usart.o(.text) for USART3_SendData
    gps.o(.text) refers to strstr.o(.text) for strstr
    gps.o(.text) refers to usart.o(.bss) for USART2_RX_Buff
    led.o(.text) refers to system_stm32f4xx.o(.text) for SystemInit
    led.o(.text) refers to stm32f4xx_rcc.o(.text) for RCC_AHB1PeriphClockCmd
    led.o(.text) refers to stm32f4xx_gpio.o(.text) for GPIO_Init
    led.o(.text) refers to systick.o(.text) for Delay_ms
    printf.o(.text) refers to stm32f4xx_usart.o(.text) for USART_SendData
    printf.o(.text) refers to stm32f4xx_rcc.o(.text) for RCC_AHB1PeriphClockCmd
    printf.o(.text) refers to stm32f4xx_gpio.o(.text) for GPIO_PinAFConfig
    beep.o(.text) refers to stm32f4xx_rcc.o(.text) for RCC_AHB1PeriphClockCmd
    beep.o(.text) refers to stm32f4xx_gpio.o(.text) for GPIO_Init
    beep.o(.text) refers to systick.o(.text) for Delay_ms
    nrf24l01.o(.text) refers to systick.o(.text) for Delay_ms
    nrf24l01.o(.text) refers to stm32f4xx_rcc.o(.text) for RCC_AHB1PeriphClockCmd
    nrf24l01.o(.text) refers to stm32f4xx_gpio.o(.text) for GPIO_Init
    nrf24l01.o(.text) refers to spi.o(.text) for SPI1_Init
    nrf24l01.o(.text) refers to nrf24l01.o(.constdata) for RX_ADDRESS_P0
    key.o(.text) refers to stm32f4xx_rcc.o(.text) for RCC_AHB1PeriphClockCmd
    key.o(.text) refers to stm32f4xx_gpio.o(.text) for GPIO_Init
    motor.o(.text) refers to stm32f4xx_rcc.o(.text) for RCC_AHB1PeriphClockCmd
    motor.o(.text) refers to stm32f4xx_gpio.o(.text) for GPIO_Init
    motor.o(.text) refers to pwm.o(.text) for TIM1_PWM_Init
    motor.o(.text) refers to systick.o(.text) for Delay_ms
    motor.o(.text) refers to motor.o(.bss) for motor
    hmc5883.o(.text) refers to iic.o(.text) for IIC_Start
    hmc5883.o(.text) refers to f2d.o(x$fpl$f2d) for __aeabi_f2d
    hmc5883.o(.text) refers to pow.o(i.__hardfp_pow) for __hardfp_pow
    hmc5883.o(.text) refers to daddsub_clz.o(x$fpl$dadd) for __aeabi_dadd
    hmc5883.o(.text) refers to sqrt.o(i.__hardfp_sqrt) for __hardfp_sqrt
    hmc5883.o(.text) refers to d2f.o(x$fpl$d2f) for __aeabi_d2f
    hmc5883.o(.text) refers to systick.o(.text) for Delay_ms
    hmc5883.o(.text) refers to hmc5883.o(.bss) for mag_data
    mpu9250.o(.text) refers to iic.o(.text) for IIC_Start
    show.o(.text) refers to _printf_pad.o(.text) for _printf_pre_padding
    show.o(.text) refers to _printf_percent.o(.ARM.Collect$$_printf_percent$$00000000) for _printf_percent
    show.o(.text) refers to _printf_f.o(.ARM.Collect$$_printf_percent$$00000003) for _printf_f
    show.o(.text) refers to printf1.o(x$fpl$printf1) for _printf_fp_dec
    show.o(.text) refers to _printf_d.o(.ARM.Collect$$_printf_percent$$00000009) for _printf_d
    show.o(.text) refers to _printf_s.o(.ARM.Collect$$_printf_percent$$00000014) for _printf_s
    show.o(.text) refers to _printf_dec.o(.text) for _printf_int_dec
    show.o(.text) refers to _printf_str.o(.text) for _printf_str
    show.o(.text) refers to _printf_c.o(.ARM.Collect$$_printf_percent$$00000013) for _printf_c
    show.o(.text) refers to ili9488.o(.text) for LCD_SetColor
    show.o(.text) refers to f2d.o(x$fpl$f2d) for __aeabi_f2d
    show.o(.text) refers to noretval__2sprintf.o(.text) for __2sprintf
    show.o(.text) refers to show.o(.data) for row
    show.o(.text) refers to rc.o(.bss) for RC_Roll_angle_PID
    show.o(.text) refers to show.o(.bss) for strTemp
    show.o(.text) refers to rt_memcpy_v6.o(.text) for __aeabi_memcpy
    show.o(.text) refers to rt_memcpy_w.o(.text) for __aeabi_memcpy4
    show.o(.text) refers to rc.o(.data) for RC_power
    show.o(.text) refers to input_ctrl.o(.bss) for INPUT
    rc.o(.text) refers to _printf_pad.o(.text) for _printf_pre_padding
    rc.o(.text) refers to _printf_percent.o(.ARM.Collect$$_printf_percent$$00000000) for _printf_percent
[...]
    __rt_lib_shutdown                        0x08000271   Thumb Code     0  libshutdown.o(.ARM.Collect$$libshutdown$$00000000)
    __rt_lib_shutdown_cpp_1                  0x08000273   Thumb Code     0  libshutdown2.o(.ARM.Collect$$libshutdown$$00000002)
    __rt_lib_shutdown_fp_trap_1              0x08000273   Thumb Code     0  libshutdown2.o(.ARM.Collect$$libshutdown$$00000007)
    __rt_lib_shutdown_heap_1                 0x08000273   Thumb Code     0  libshutdown2.o(.ARM.Collect$$libshutdown$$0000000F)
    __rt_lib_shutdown_return                 0x08000273   Thumb Code     0  libshutdown2.o(.ARM.Collect$$libshutdown$$00000010)
    __rt_lib_shutdown_signal_1               0x08000273   Thumb Code     0  libshutdown2.o(.ARM.Collect$$libshutdown$$0000000A)
    __rt_lib_shutdown_stdio_1                0x08000273   Thumb Code     0  libshutdown2.o(.ARM.Collect$$libshutdown$$00000004)
    __rt_lib_shutdown_user_alloc_1           0x08000273   Thumb Code     0  libshutdown2.o(.ARM.Collect$$libshutdown$$0000000C)
    __rt_entry                               0x08000275   Thumb Code     0  __rtentry.o(.ARM.Collect$$rtentry$$00000000)
    __rt_entry_presh_1                       0x08000275   Thumb Code     0  __rtentry2.o(.ARM.Collect$$rtentry$$00000002)
    __rt_entry_sh                            0x08000275   Thumb Code     0  __rtentry4.o(.ARM.Collect$$rtentry$$00000004)
    __rt_entry_li                            0x0800027b   Thumb Code     0  __rtentry2.o(.ARM.Collect$$rtentry$$0000000A)
    __rt_entry_postsh_1                      0x0800027b   Thumb Code     0  __rtentry2.o(.ARM.Collect$$rtentry$$00000009)
    __rt_entry_main                          0x0800027f   Thumb Code     0  __rtentry2.o(.ARM.Collect$$rtentry$$0000000D)
    __rt_entry_postli_1                      0x0800027f   Thumb Code     0  __rtentry2.o(.ARM.Collect$$rtentry$$0000000C)
    __rt_exit                                0x08000287   Thumb Code     0  rtexit.o(.ARM.Collect$$rtexit$$00000000)
    __rt_exit_ls                             0x08000289   Thumb Code     0  rtexit2.o(.ARM.Collect$$rtexit$$00000003)
    __rt_exit_prels_1                        0x08000289   Thumb Code     0  rtexit2.o(.ARM.Collect$$rtexit$$00000002)
    __rt_exit_exit                           0x0800028d   Thumb Code     0  rtexit2.o(.ARM.Collect$$rtexit$$00000004)
    main                                     0x08000295   Thumb Code   262  main.o(.text)
    NMI_Handler                              0x08000475   Thumb Code     2  stm32f4xx_it.o(.text)
    HardFault_Handler                        0x08000477   Thumb Code     4  stm32f4xx_it.o(.text)
    MemManage_Handler                        0x0800047b   Thumb Code     4  stm32f4xx_it.o(.text)
    BusFault_Handler                         0x0800047f   Thumb Code     4  stm32f4xx_it.o(.text)
    UsageFault_Handler                       0x08000483   Thumb Code     4  stm32f4xx_it.o(.text)
    SVC_Handler                              0x08000487   Thumb Code     2  stm32f4xx_it.o(.text)
    DebugMon_Handler                         0x08000489   Thumb Code     2  stm32f4xx_it.o(.text)
    SysTick_Handler                          0x0800048b   Thumb Code     2  stm32f4xx_it.o(.text)
    Ublox_Cfg_Ack_Check                      0x0800048d   Thumb Code    72  gps.o(.text)
    Ublox_CheckSum                           0x080004d5   Thumb Code    40  gps.o(.text)
    Ublox_Cfg_Prt                            0x080004fd   Thumb Code    94  gps.o(.text)
    GPS_Init                                 0x0800055b   Thumb Code    12  gps.o(.text)
    NMEA_Comma_Pos                           0x08000567   Thumb Code    50  gps.o(.text)
    NMEA_Pow                                 0x08000599   Thumb Code    22  gps.o(.text)
    NMEA_Str2num                             0x080005af   Thumb Code   234  gps.o(.text)
    NMEA_GPGSV_Analysis                      0x08000699   Thumb Code   290  gps.o(.text)
    NMEA_GPGGA_Analysis                      0x080007bb   Thumb Code   146  gps.o(.text)
    NMEA_GPGSA_Analysis                      0x0800084d   Thumb Code   206  gps.o(.text)
    NMEA_GPRMC_Analysis                      0x0800091b   Thumb Code   532  gps.o(.text)
    NMEA_GPVTG_Analysis                      0x08000b2f   Thumb Code   104  gps.o(.text)
    GPS_Analysis                             0x08000b97   Thumb Code    48  gps.o(.text)
    Ublox_Cfg_Cfg_Save                       0x08000bc7   Thumb Code   100  gps.o(.text)
    Ublox_Cfg_Msg                            0x08000c2b   Thumb Code    72  gps.o(.text)
    Ublox_Cfg_Tp                             0x08000c73   Thumb Code    90  gps.o(.text)
    Ublox_Cfg_Rate                           0x08000ccd   Thumb Code    88  gps.o(.text)
    Led_Init                                 0x08000d25   Thumb Code   108  led.o(.text)
    LED_Flash                                0x08000d91   Thumb Code    62  led.o(.text)
    Beep_Init                                0x08000dd9   Thumb Code    60  beep.o(.text)
    beep_delay                               0x08000e15   Thumb Code    16  beep.o(.text)
    Beep_ms                                  0x08000e25   Thumb Code    32  beep.o(.text)
    Beep_times                               0x08000e45   Thumb Code    30  beep.o(.text)
    Beep                                     0x08000e63   Thumb Code    58  beep.o(.text)
    NRF24L01_Init                            0x08000ea1   Thumb Code   112  nrf24l01.o(.text)
    NRF24L01_Read_Buf                        0x08000f11   Thumb Code    62  nrf24l01.o(.text)
    NRF24L01_Write_Buf                       0x08000f4f   Thumb Code    60  nrf24l01.o(.text)
    NRF24L01_Check                           0x08000f8b   Thumb Code    72  nrf24l01.o(.text)
    NRF24L01_Write_Reg                       0x08000fd3   Thumb Code    40  nrf24l01.o(.text)
    NRF24L01_Read_Reg                        0x08000ffb   Thumb Code    38  nrf24l01.o(.text)
    NRF24L01_RX_Mode                         0x08001021   Thumb Code   100  nrf24l01.o(.text)
    NRF24L01_TX_Mode                         0x08001085   Thumb Code   110  nrf24l01.o(.text)
    NRF_Flush_TX_FIFO                        0x080010f3   Thumb Code    20  nrf24l01.o(.text)
    NRF_R_FIFO_STA                           0x08001107   Thumb Code    22  nrf24l01.o(.text)
    NRF24L01_Send_Data                       0x0800111d   Thumb Code    52  nrf24l01.o(.text)
    NRF_Flush_RX_FIFO                        0x08001151   Thumb Code    20  nrf24l01.o(.text)
    NRF_R_STATUS                             0x08001165   Thumb Code    30  nrf24l01.o(.text)
    NRF_W_ACK_PAYLOAD                        0x08001183   Thumb Code    34  nrf24l01.o(.text)
    NRF_R_RX_PL_WID                          0x080011a5   Thumb Code    10  nrf24l01.o(.text)
    NRF24L01_ReceiveData                     0x080011af   Thumb Code    40  nrf24l01.o(.text)
    KEY_Init                                 0x080011ed   Thumb Code    82  key.o(.text)
    KEY_Scan                                 0x0800123f   Thumb Code   298  key.o(.text)
    MPU9250_Check                            0x080013b3   Thumb Code    42  mpu9250.o(.text)
    MPU9250_Init                             0x0800140d   Thumb Code    98  mpu9250.o(.text)
    MPU9250_Read_INT_STA                     0x0800146f   Thumb Code    16  mpu9250.o(.text)
    MPU9250_Read                             0x0800147f   Thumb Code   240  mpu9250.o(.text)
    Show_RC_PID_Update                       0x080015cd   Thumb Code  1754  show.o(.text)
    Show_PID_Log                             0x08001ca7   Thumb Code   212  show.o(.text)
    Show_Throttle_Update                     0x08001e4b   Thumb Code   588  show.o(.text)
    Show_RC_Power_Update                     0x08002097   Thumb Code   196  show.o(.text)
    Show_RC_SENSOR_Update                    0x0800215b   Thumb Code   514  show.o(.text)
    Show_RC_STATUS_Update                    0x0800235d   Thumb Code   674  show.o(.text)
    Show_RC_GPS_Update                       0x080025ff   Thumb Code   638  show.o(.text)
    Show_Page1_Log                           0x0800287d   Thumb Code    50  show.o(.text)
    Show_Update                              0x080028af   Thumb Code  2888  show.o(.text)
    Show_NRFData_Update                      0x080033f7   Thumb Code   538  show.o(.text)
    RC_Send                                  0x0800361d   Thumb Code    16  rc.o(.text)
    RC_Send_CNT                              0x0800362d   Thumb Code   214  rc.o(.text)
    RC_Send_PID                              0x08003703   Thumb Code   564  rc.o(.text)
    RC_Send_CMD2                             0x08003937   Thumb Code    60  rc.o(.text)
    RC_Send_CMD1                             0x08003973   Thumb Code    58  rc.o(.text)
    RC_Send_Handle                           0x080039ad   Thumb Code   550  rc.o(.text)
    RC_Anl_BUFF                              0x08004511   Thumb Code   208  rc.o(.text)
    LCD_WR_CMD                               0x080045f5   Thumb Code     8  ili9488.o(.text)
    LCD_WR_DATA                              0x080045fd   Thumb Code     6  ili9488.o(.text)
    LCD_SetCursor                            0x08004603   Thumb Code    68  ili9488.o(.text)
    LCD_DrawPoint                            0x08004647   Thumb Code    28  ili9488.o(.text)
    LCD_DisplayChar                          0x08004663   Thumb Code   154  ili9488.o(.text)
    GetNumber                                0x080046fd   Thumb Code    38  ili9488.o(.text)
    LCD_DisplayNumber                        0x08004723   Thumb Code   140  ili9488.o(.text)
    LCD_DisplayFloat                         0x080047af   Thumb Code   214  ili9488.o(.text)
    LCD_BackLight                            0x08004885   Thumb Code    30  ili9488.o(.text)
    LCD_Clear                                0x080048a3   Thumb Code    40  ili9488.o(.text)
    LCD_DisplayMode                          0x080048cb   Thumb Code   196  ili9488.o(.text)
    LCD_ShowNumMode                          0x0800498f   Thumb Code     6  ili9488.o(.text)
    LCD_SetFont                              0x08004995   Thumb Code     6  ili9488.o(.text)
    LCD_SetColor                             0x0800499b   Thumb Code    36  ili9488.o(.text)
    LCD_SetBackColor                         0x080049bf   Thumb Code    58  ili9488.o(.text)
    LCD_RD_DATA                              0x080049f9   Thumb Code     6  ili9488.o(.text)
    LCD_Reset                                0x080049ff   Thumb Code    30  ili9488.o(.text)
    LCD_GPIO_Init                            0x08004a1d   Thumb Code   562  ili9488.o(.text)
    LCD_Init                                 0x08004c4f   Thumb Code   562  ili9488.o(.text)
    LCD_DisplayString                        0x08004e81   Thumb Code    48  ili9488.o(.text)
    LCD_DrawLine                             0x08004eb1   Thumb Code   296  ili9488.o(.text)
    LCD_DrawRect                             0x08004fd9   Thumb Code    76  ili9488.o(.text)
    LCD_DrawCircle                           0x08005025   Thumb Code   152  ili9488.o(.text)
    LCD_DrawEllipse                          0x080050bd   Thumb Code   566  ili9488.o(.text)
    LCD_FillRect                             0x080052f3   Thumb Code    74  ili9488.o(.text)
    LCD_FillCircle                           0x0800533d   Thumb Code   242  ili9488.o(.text)
    LCD_ClearTest                            0x0800542f   Thumb Code   122  ili9488.o(.text)
    LCD_TextTest                             0x080054a9   Thumb Code   342  ili9488.o(.text)
    LCD_FillTest                             0x080055ff   Thumb Code   630  ili9488.o(.text)
    LCD_ColorTest                            0x08005875   Thumb Code   192  ili9488.o(.text)
    LCD_GrahicTest                           0x08005935   Thumb Code   680  ili9488.o(.text)
    LCD_HorizontalText                       0x08005bdd   Thumb Code   714  ili9488.o(.text)
    ScanInput_Handle                         0x080064f9   Thumb Code    82  input_ctrl.o(.text)
    SystemClock_Init                         0x0800664d   Thumb Code   146  clock.o(.text)
    DMA_USART1_Init                          0x080066e1   Thumb Code   192  dma.o(.text)
    DMA2_Stream7_IRQHandler                  0x080067a1   Thumb Code    46  dma.o(.text)
    DMA_USART2_Init                          0x080067cf   Thumb Code   198  dma.o(.text)
    DMA1_Stream6_IRQHandler                  0x08006895   Thumb Code    44  dma.o(.text)
    DMA_USART3_Init                          0x080068c1   Thumb Code   198  dma.o(.text)
    DMA1_Stream3_IRQHandler                  0x08006987   Thumb Code    52  dma.o(.text)
    DMA_USART6_Init                          0x080069bb   Thumb Code   200  dma.o(.text)
    DMA2_Stream6_IRQHandler                  0x08006a83   Thumb Code    50  dma.o(.text)
    Delay_ms                                 0x08006afd   Thumb Code    56  systick.o(.text)
    Delay_us                                 0x08006b35   Thumb Code    58  systick.o(.text)
    USART_CLR_BUFF                           0x08006b71   Thumb Code   116  usart.o(.text)
    USART_CLR_ALL_BUFF                       0x08006be5   Thumb Code    22  usart.o(.text)
    USART1_SendData                          0x08006bfb   Thumb Code    52  usart.o(.text)
    USART1_Init                              0x08006c2f   Thumb Code   266  usart.o(.text)
    USART1_IRQHandler                        0x08006d39   Thumb Code   124  usart.o(.text)
    USART2_SendData                          0x08006db5   Thumb Code    52  usart.o(.text)
    USART2_Init                              0x08006de9   Thumb Code   244  usart.o(.text)
    USART2_IRQHandler                        0x08006edd   Thumb Code   132  usart.o(.text)
    USART3_SendData                          0x08006f61   Thumb Code   134  usart.o(.text)
    USART3_Init                              0x08006fe7   Thumb Code   240  usart.o(.text)
    USART3_IRQHandler                        0x080070d7   Thumb Code   168  usart.o(.text)
    USART6_SendData                          0x0800717f   Thumb Code    62  usart.o(.text)
    USART6_Init                              0x080071bd   Thumb Code   228  usart.o(.text)
    USART6_IRQHandler                        0x080072a1   Thumb Code   122  usart.o(.text)
    IIC_Init                                 0x08007351   Thumb Code    68  iic.o(.text)
    SDA_OUT                                  0x08007395   Thumb Code    40  iic.o(.text)
    SDA_IN                                   0x080073bd   Thumb Code    42  iic.o(.text)
    iic_delay                                0x080073e7   Thumb Code    16  iic.o(.text)
    IIC_Start                                0x080073f7   Thumb Code    60  iic.o(.text)
    IIC_Stop                                 0x08007433   Thumb Code    60  iic.o(.text)
    IIC_Wait_Ack                             0x0800746f   Thumb Code    86  iic.o(.text)
    IIC_Ack                                  0x080074c5   Thumb Code    60  iic.o(.text)
    IIC_NAck                                 0x08007501   Thumb Code    60  iic.o(.text)
    IIC_Send_Byte                            0x0800753d   Thumb Code   102  iic.o(.text)
    IIC_Read_Byte                            0x080075a3   Thumb Code    90  iic.o(.text)
    TIM2_Int_Init                            0x08007601   Thumb Code    92  timer.o(.text)
    TIM3_Int_Init                            0x0800765d   Thumb Code    90  timer.o(.text)
    TIM4_Int_Init                            0x080076b7   Thumb Code    90  timer.o(.text)
    NRF_Data_Handle                          0x08007711   Thumb Code   208  timer.o(.text)
    TIM3_IRQHandler                          0x080077e1   Thumb Code   100  timer.o(.text)
    SPI1_ReadWriteByte                       0x08007895   Thumb Code    78  spi.o(.text)
    SPI1_Init                                0x080078e3   Thumb Code   192  spi.o(.text)
    SPI1_SetSpeed                            0x080079a3   Thumb Code    36  spi.o(.text)
    EXTI0_Init                               0x080079d1   Thumb Code   120  exti.o(.text)
    EXTI1_Init                               0x08007a49   Thumb Code   124  exti.o(.text)
    EXTI1_IRQHandler                         0x08007ac5   Thumb Code    64  exti.o(.text)
    EXTI0_IRQHandler                         0x08007b05   Thumb Code   134  exti.o(.text)
    FSMC_Init                                0x08007ba1   Thumb Code    96  fsmc.o(.text)
    Adc_Init                                 0x08007c01   Thumb Code   124  adc.o(.text)
    GetThro_Data                             0x08007d47   Thumb Code   856  adc.o(.text)
    GetThro_Offset                           0x0800809f   Thumb Code   266  adc.o(.text)
    SystemInit                               0x08008299   Thumb Code    88  system_stm32f4xx.o(.text)
    SystemCoreClockUpdate                    0x080082f1   Thumb Code   174  system_stm32f4xx.o(.text)
    Reset_Handler                            0x080083cd   Thumb Code     8  startup_stm32f40_41xxx.o(.text)
    PendSV_Handler                           0x080083e3   Thumb Code     2  startup_stm32f40_41xxx.o(.text)
    ADC_IRQHandler                           0x080083e7   Thumb Code     0  startup_stm32f40_41xxx.o(.text)
    CAN1_RX0_IRQHandler                      0x080083e7   Thumb Code     0  startup_stm32f40_41xxx.o(.text)
    CAN1_RX1_IRQHandler                      0x080083e7   Thumb Code     0  startup_stm32f40_41xxx.o(.text)
    CAN1_SCE_IRQHandler                      0x080083e7   Thumb Code     0  startup_stm32f40_41xxx.o(.text)
    CAN1_TX_IRQHandler                       0x080083e7   Thumb Code     0  startup_stm32f40_41xxx.o(.text)
    CAN2_RX0_IRQHandler                      0x080083e7   Thumb Code     0  startup_stm32f40_41xxx.o(.text)
    CAN2_RX1_IRQHandler                      0x080083e7   Thumb Code     0  startup_stm32f40_41xxx.o(.text)
    CAN2_SCE_IRQHandler                      0x080083e7   Thumb Code     0  startup_stm32f40_41xxx.o(.text)
    CAN2_TX_IRQHandler                       0x080083e7   Thumb Code     0  startup_stm32f40_41xxx.o(.text)
    CRYP_IRQHandler                          0x080083e7   Thumb Code     0  startup_stm32f40_41xxx.o(.text)
    DCMI_IRQHandler                          0x080083e7   Thumb Code     0  startup_stm32f40_41xxx.o(.text)
    DMA1_Stream0_IRQHandler                  0x080083e7   Thumb Code     0  startup_stm32f40_41xxx.o(.text)
    DMA1_Stream1_IRQHandler                  0x080083e7   Thumb Code     0  startup_stm32f40_41xxx.o(.text)
    DMA1_Stream2_IRQHandler                  0x080083e7   Thumb Code     0  startup_stm32f40_41xxx.o(.text)
    DMA1_Stream4_IRQHandler                  0x080083e7   Thumb Code     0  startup_stm32f40_41xxx.o(.text)
    DMA1_Stream5_IRQHandler                  0x080083e7   Thumb Code     0  startup_stm32f40_41xxx.o(.text)
    DMA1_Stream7_IRQHandler                  0x080083e7   Thumb Code     0  startup_stm32f40_41xxx.o(.text)
    DMA2_Stream0_IRQHandler                  0x080083e7   Thumb Code     0  startup_stm32f40_41xxx.o(.text)
    DMA2_Stream1_IRQHandler                  0x080083e7   Thumb Code     0  startup_stm32f40_41xxx.o(.text)
    DMA2_Stream2_IRQHandler                  0x080083e7   Thumb Code     0  startup_stm32f40_41xxx.o(.text)
    DMA2_Stream3_IRQHandler                  0x080083e7   Thumb Code     0  startup_stm32f40_41xxx.o(.text)
    DMA2_Stream4_IRQHandler                  0x080083e7   Thumb Code     0  startup_stm32f40_41xxx.o(.text)
    DMA2_Stream5_IRQHandler                  0x080083e7   Thumb Code     0  startup_stm32f40_41xxx.o(.text)
    ETH_IRQHandler                           0x080083e7   Thumb Code     0  startup_stm32f40_41xxx.o(.text)
    ETH_WKUP_IRQHandler                      0x080083e7   Thumb Code     0  startup_stm32f40_41xxx.o(.text)
    EXTI15_10_IRQHandler                     0x080083e7   Thumb Code     0  startup_stm32f40_41xxx.o(.text)
    EXTI2_IRQHandler                         0x080083e7   Thumb Code     0  startup_stm32f40_41xxx.o(.text)
    EXTI3_IRQHandler                         0x080083e7   Thumb Code     0  startup_stm32f40_41xxx.o(.text)
    EXTI4_IRQHandler                         0x080083e7   Thumb Code     0  startup_stm32f40_41xxx.o(.text)
    EXTI9_5_IRQHandler                       0x080083e7   Thumb Code     0  startup_stm32f40_41xxx.o(.text)
    FLASH_IRQHandler                         0x080083e7   Thumb Code     0  startup_stm32f40_41xxx.o(.text)
    FPU_IRQHandler                           0x080083e7   Thumb Code     0  startup_stm32f40_41xxx.o(.text)
    FSMC_IRQHandler                          0x080083e7   Thumb Code     0  startup_stm32f40_41xxx.o(.text)
    HASH_RNG_IRQHandler                      0x080083e7   Thumb Code     0  startup_stm32f40_41xxx.o(.text)
    I2C1_ER_IRQHandler                       0x080083e7   Thumb Code     0  startup_stm32f40_41xxx.o(.text)
    I2C1_EV_IRQHandler                       0x080083e7   Thumb Code     0  startup_stm32f40_41xxx.o(.text)
    I2C2_ER_IRQHandler                       0x080083e7   Thumb Code     0  startup_stm32f40_41xxx.o(.text)
    I2C2_EV_IRQHandler                       0x080083e7   Thumb Code     0  startup_stm32f40_41xxx.o(.text)
    I2C3_ER_IRQHandler                       0x080083e7   Thumb Code     0  startup_stm32f40_41xxx.o(.text)
    I2C3_EV_IRQHandler                       0x080083e7   Thumb Code     0  startup_stm32f40_41xxx.o(.text)
    OTG_FS_IRQHandler                        0x080083e7   Thumb Code     0  startup_stm32f40_41xxx.o(.text)
    OTG_FS_WKUP_IRQHandler                   0x080083e7   Thumb Code     0  startup_stm32f40_41xxx.o(.text)
    OTG_HS_EP1_IN_IRQHandler                 0x080083e7   Thumb Code     0  startup_stm32f40_41xxx.o(.text)
    OTG_HS_EP1_OUT_IRQHandler                0x080083e7   Thumb Code     0  startup_stm32f40_41xxx.o(.text)
    OTG_HS_IRQHandler                        0x080083e7   Thumb Code     0  startup_stm32f40_41xxx.o(.text)
    OTG_HS_WKUP_IRQHandler                   0x080083e7   Thumb Code     0  startup_stm32f40_41xxx.o(.text)
    PVD_IRQHandler                           0x080083e7   Thumb Code     0  startup_stm32f40_41xxx.o(.text)
    RCC_IRQHandler                           0x080083e7   Thumb Code     0  startup_stm32f40_41xxx.o(.text)
    RTC_Alarm_IRQHandler                     0x080083e7   Thumb Code     0  startup_stm32f40_41xxx.o(.text)
    RTC_WKUP_IRQHandler                      0x080083e7   Thumb Code     0  startup_stm32f40_41xxx.o(.text)
    SDIO_IRQHandler                          0x080083e7   Thumb Code     0  startup_stm32f40_41xxx.o(.text)
    SPI1_IRQHandler                          0x080083e7   Thumb Code     0  startup_stm32f40_41xxx.o(.text)
    SPI2_IRQHandler                          0x080083e7   Thumb Code     0  startup_stm32f40_41xxx.o(.text)
    SPI3_IRQHandler                          0x080083e7   Thumb Code     0  startup_stm32f40_41xxx.o(.text)
    TAMP_STAMP_IRQHandler                    0x080083e7   Thumb Code     0  startup_stm32f40_41xxx.o(.text)
    TIM1_BRK_TIM9_IRQHandler                 0x080083e7   Thumb Code     0  startup_stm32f40_41xxx.o(.text)
    TIM1_CC_IRQHandler                       0x080083e7   Thumb Code     0  startup_stm32f40_41xxx.o(.text)
    TIM1_TRG_COM_TIM11_IRQHandler            0x080083e7   Thumb Code     0  startup_stm32f40_41xxx.o(.text)
    TIM1_UP_TIM10_IRQHandler                 0x080083e7   Thumb Code     0  startup_stm32f40_41xxx.o(.text)
    TIM2_IRQHandler                          0x080083e7   Thumb Code     0  startup_stm32f40_41xxx.o(.text)
    TIM4_IRQHandler                          0x080083e7   Thumb Code     0  startup_stm32f40_41xxx.o(.text)
    TIM5_IRQHandler                          0x080083e7   Thumb Code     0  startup_stm32f40_41xxx.o(.text)
    TIM6_DAC_IRQHandler                      0x080083e7   Thumb Code     0  startup_stm32f40_41xxx.o(.text)
    TIM7_IRQHandler                          0x080083e7   Thumb Code     0  startup_stm32f40_41xxx.o(.text)
    TIM8_BRK_TIM12_IRQHandler                0x080083e7   Thumb Code     0  startup_stm32f40_41xxx.o(.text)
    TIM8_CC_IRQHandler                       0x080083e7   Thumb Code     0  startup_stm32f40_41xxx.o(.text)
    TIM8_TRG_COM_TIM14_IRQHandler            0x080083e7   Thumb Code     0  startup_stm32f40_41xxx.o(.text)
    TIM8_UP_TIM13_IRQHandler                 0x080083e7   Thumb Code     0  startup_stm32f40_41xxx.o(.text)
    UART4_IRQHandler                         0x080083e7   Thumb Code     0  startup_stm32f40_41xxx.o(.text)
    UART5_IRQHandler                         0x080083e7   Thumb Code     0  startup_stm32f40_41xxx.o(.text)
    WWDG_IRQHandler                          0x080083e7   Thumb Code     0  startup_stm32f40_41xxx.o(.text)
    __user_initial_stackheap                 0x080083e9   Thumb Code     0  startup_stm32f40_41xxx.o(.text)
    NVIC_PriorityGroupConfig                 0x0800840d   Thumb Code    10  misc.o(.text)
    NVIC_Init                                0x08008417   Thumb Code   106  misc.o(.text)
    NVIC_SetVectorTable                      0x08008481   Thumb Code    14  misc.o(.text)
    NVIC_SystemLPConfig                      0x0800848f   Thumb Code    34  misc.o(.text)
    SysTick_CLKSourceConfig                  0x080084b1   Thumb Code    40  misc.o(.text)
    ADC_DeInit                               0x080084ed   Thumb Code    22  stm32f4xx_adc.o(.text)
    ADC_Init                                 0x08008503   Thumb Code    74  stm32f4xx_adc.o(.text)
    ADC_StructInit                           0x0800854d   Thumb Code    20  stm32f4xx_adc.o(.text)
    ADC_CommonInit                           0x08008561   Thumb Code    34  stm32f4xx_adc.o(.text)
    ADC_CommonStructInit                     0x08008583   Thumb Code    12  stm32f4xx_adc.o(.text)
    ADC_Cmd                                  0x0800858f   Thumb Code    22  stm32f4xx_adc.o(.text)
    ADC_AnalogWatchdogCmd                    0x080085a5   Thumb Code    16  stm32f4xx_adc.o(.text)
    ADC_AnalogWatchdogThresholdsConfig       0x080085b5   Thumb Code     6  stm32f4xx_adc.o(.text)
    ADC_AnalogWatchdogSingleChannelConfig    0x080085bb   Thumb Code    16  stm32f4xx_adc.o(.text)
    ADC_TempSensorVrefintCmd                 0x080085cb   Thumb Code    34  stm32f4xx_adc.o(.text)
    ADC_VBATCmd                              0x080085ed   Thumb Code    34  stm32f4xx_adc.o(.text)
    ADC_RegularChannelConfig                 0x0800860f   Thumb Code   184  stm32f4xx_adc.o(.text)
    ADC_SoftwareStartConv                    0x080086c7   Thumb Code    10  stm32f4xx_adc.o(.text)
    ADC_GetSoftwareStartConvStatus           0x080086d1   Thumb Code    20  stm32f4xx_adc.o(.text)
    ADC_EOCOnEachRegularChannelCmd           0x080086e5   Thumb Code    22  stm32f4xx_adc.o(.text)
    ADC_ContinuousModeCmd                    0x080086fb   Thumb Code    22  stm32f4xx_adc.o(.text)
    ADC_DiscModeChannelCountConfig           0x08008711   Thumb Code    24  stm32f4xx_adc.o(.text)
    ADC_DiscModeCmd                          0x08008729   Thumb Code    22  stm32f4xx_adc.o(.text)
    ADC_GetConversionValue                   0x0800873f   Thumb Code     8  stm32f4xx_adc.o(.text)
    ADC_GetMultiModeConversionValue          0x08008747   Thumb Code     8  stm32f4xx_adc.o(.text)
    ADC_DMACmd                               0x0800874f   Thumb Code    22  stm32f4xx_adc.o(.text)
    ADC_DMARequestAfterLastTransferCmd       0x08008765   Thumb Code    22  stm32f4xx_adc.o(.text)
    ADC_MultiModeDMARequestAfterLastTransferCmd 0x0800877b   Thumb Code    34  stm32f4xx_adc.o(.text)
    ADC_InjectedChannelConfig                0x0800879d   Thumb Code   130  stm32f4xx_adc.o(.text)
    ADC_InjectedSequencerLengthConfig        0x0800881f   Thumb Code    24  stm32f4xx_adc.o(.text)
    ADC_SetInjectedOffset                    0x08008837   Thumb Code    20  stm32f4xx_adc.o(.text)
    ADC_ExternalTrigInjectedConvConfig       0x0800884b   Thumb Code    16  stm32f4xx_adc.o(.text)
    ADC_ExternalTrigInjectedConvEdgeConfig   0x0800885b   Thumb Code    16  stm32f4xx_adc.o(.text)
    ADC_SoftwareStartInjectedConv            0x0800886b   Thumb Code    10  stm32f4xx_adc.o(.text)
    ADC_GetSoftwareStartInjectedConvCmdStatus 0x08008875   Thumb Code    20  stm32f4xx_adc.o(.text)
    ADC_AutoInjectedConvCmd                  0x08008889   Thumb Code    22  stm32f4xx_adc.o(.text)
    ADC_InjectedDiscModeCmd                  0x0800889f   Thumb Code    22  stm32f4xx_adc.o(.text)
    ADC_GetInjectedConversionValue           0x080088b5   Thumb Code    28  stm32f4xx_adc.o(.text)
    ADC_ITConfig                             0x080088d1   Thumb Code    56  stm32f4xx_adc.o(.text)
    ADC_GetFlagStatus                        0x08008909   Thumb Code    18  stm32f4xx_adc.o(.text)
    ADC_ClearFlag                            0x0800891b   Thumb Code     6  stm32f4xx_adc.o(.text)
    ADC_GetITStatus                          0x08008921   Thumb Code    38  stm32f4xx_adc.o(.text)
    ADC_ClearITPendingBit                    0x08008947   Thumb Code    10  stm32f4xx_adc.o(.text)
    DMA_DeInit                               0x08008951   Thumb Code   324  stm32f4xx_dma.o(.text)
    DMA_Init                                 0x08008a95   Thumb Code    82  stm32f4xx_dma.o(.text)
    DMA_StructInit                           0x08008ae7   Thumb Code    34  stm32f4xx_dma.o(.text)
    DMA_Cmd                                  0x08008b09   Thumb Code    22  stm32f4xx_dma.o(.text)
    DMA_PeriphIncOffsetSizeConfig            0x08008b1f   Thumb Code    22  stm32f4xx_dma.o(.text)
    DMA_FlowControllerConfig                 0x08008b35   Thumb Code    22  stm32f4xx_dma.o(.text)
    DMA_SetCurrDataCounter                   0x08008b4b   Thumb Code     4  stm32f4xx_dma.o(.text)
    DMA_GetCurrDataCounter                   0x08008b4f   Thumb Code     8  stm32f4xx_dma.o(.text)
    DMA_DoubleBufferModeConfig               0x08008b57   Thumb Code    24  stm32f4xx_dma.o(.text)
    DMA_DoubleBufferModeCmd                  0x08008b6f   Thumb Code    22  stm32f4xx_dma.o(.text)
    DMA_MemoryTargetConfig                   0x08008b85   Thumb Code    10  stm32f4xx_dma.o(.text)
    DMA_GetCurrentMemoryTarget               0x08008b8f   Thumb Code    20  stm32f4xx_dma.o(.text)
    DMA_GetCmdStatus                         0x08008ba3   Thumb Code    20  stm32f4xx_dma.o(.text)
    DMA_GetFIFOStatus                        0x08008bb7   Thumb Code    12  stm32f4xx_dma.o(.text)
    DMA_GetFlagStatus                        0x08008bc3   Thumb Code    56  stm32f4xx_dma.o(.text)
    DMA_ClearFlag                            0x08008bfb   Thumb Code    40  stm32f4xx_dma.o(.text)
    DMA_ITConfig                             0x08008c23   Thumb Code    58  stm32f4xx_dma.o(.text)
    DMA_GetITStatus                          0x08008c5d   Thumb Code    84  stm32f4xx_dma.o(.text)
    DMA_ClearITPendingBit                    0x08008cb1   Thumb Code    40  stm32f4xx_dma.o(.text)
    EXTI_DeInit                              0x08008cf9   Thumb Code    28  stm32f4xx_exti.o(.text)
    EXTI_Init                                0x08008d15   Thumb Code   142  stm32f4xx_exti.o(.text)
    EXTI_StructInit                          0x08008da3   Thumb Code    16  stm32f4xx_exti.o(.text)
    EXTI_GenerateSWInterrupt                 0x08008db3   Thumb Code    16  stm32f4xx_exti.o(.text)
    EXTI_GetFlagStatus                       0x08008dc3   Thumb Code    22  stm32f4xx_exti.o(.text)
    EXTI_ClearFlag                           0x08008dd9   Thumb Code     8  stm32f4xx_exti.o(.text)
    EXTI_GetITStatus                         0x08008de1   Thumb Code    22  stm32f4xx_exti.o(.text)
    EXTI_ClearITPendingBit                   0x08008df7   Thumb Code     8  stm32f4xx_exti.o(.text)
    FSMC_NORSRAMDeInit                       0x08008e09   Thumb Code    54  stm32f4xx_fsmc.o(.text)
    FSMC_NORSRAMInit                         0x08008e3f   Thumb Code   290  stm32f4xx_fsmc.o(.text)
    FSMC_NORSRAMStructInit                   0x08008f61   Thumb Code    48  stm32f4xx_fsmc.o(.text)
    FSMC_NORSRAMCmd                          0x08008f91   Thumb Code    46  stm32f4xx_fsmc.o(.text)
    FSMC_NANDDeInit                          0x08008fbf   Thumb Code    62  stm32f4xx_fsmc.o(.text)
    FSMC_NANDInit                            0x08008ffd   Thumb Code   204  stm32f4xx_fsmc.o(.text)
    FSMC_NANDStructInit                      0x080090c9   Thumb Code    54  stm32f4xx_fsmc.o(.text)
    FSMC_NANDCmd                             0x080090ff   Thumb Code    86  stm32f4xx_fsmc.o(.text)
    FSMC_NANDECCCmd                          0x08009155   Thumb Code    86  stm32f4xx_fsmc.o(.text)
    FSMC_GetECC                              0x080091ab   Thumb Code    24  stm32f4xx_fsmc.o(.text)
    FSMC_PCCARDDeInit                        0x080091c3   Thumb Code    36  stm32f4xx_fsmc.o(.text)
    FSMC_PCCARDInit                          0x080091e7   Thumb Code   212  stm32f4xx_fsmc.o(.text)
    FSMC_PCCARDStructInit                    0x080092bb   Thumb Code    60  stm32f4xx_fsmc.o(.text)
    FSMC_PCCARDCmd                           0x080092f7   Thumb Code    42  stm32f4xx_fsmc.o(.text)
    FSMC_ITConfig                            0x08009321   Thumb Code   128  stm32f4xx_fsmc.o(.text)
    FSMC_GetFlagStatus                       0x080093a1   Thumb Code    54  stm32f4xx_fsmc.o(.text)
    FSMC_ClearFlag                           0x080093d7   Thumb Code    62  stm32f4xx_fsmc.o(.text)
    FSMC_GetITStatus                         0x08009415   Thumb Code    64  stm32f4xx_fsmc.o(.text)
    FSMC_ClearITPendingBit                   0x08009455   Thumb Code    68  stm32f4xx_fsmc.o(.text)
    GPIO_DeInit                              0x080094a1   Thumb Code   268  stm32f4xx_gpio.o(.text)
    GPIO_Init                                0x080095ad   Thumb Code   144  stm32f4xx_gpio.o(.text)
    GPIO_StructInit                          0x0800963d   Thumb Code    18  stm32f4xx_gpio.o(.text)
    GPIO_PinLockConfig                       0x0800964f   Thumb Code    34  stm32f4xx_gpio.o(.text)
    GPIO_ReadInputDataBit                    0x08009671   Thumb Code    18  stm32f4xx_gpio.o(.text)
    GPIO_ReadInputData                       0x08009683   Thumb Code     8  stm32f4xx_gpio.o(.text)
    GPIO_ReadOutputDataBit                   0x0800968b   Thumb Code    18  stm32f4xx_gpio.o(.text)
    GPIO_ReadOutputData                      0x0800969d   Thumb Code     8  stm32f4xx_gpio.o(.text)
    GPIO_SetBits                             0x080096a5   Thumb Code     4  stm32f4xx_gpio.o(.text)
    GPIO_ResetBits                           0x080096a9   Thumb Code     4  stm32f4xx_gpio.o(.text)
    GPIO_WriteBit                            0x080096ad   Thumb Code    10  stm32f4xx_gpio.o(.text)
    GPIO_Write                               0x080096b7   Thumb Code     4  stm32f4xx_gpio.o(.text)
    GPIO_ToggleBits                          0x080096bb   Thumb Code     8  stm32f4xx_gpio.o(.text)
    GPIO_PinAFConfig                         0x080096c3   Thumb Code    70  stm32f4xx_gpio.o(.text)
    RCC_DeInit                               0x08009735   Thumb Code    82  stm32f4xx_rcc.o(.text)
    RCC_HSEConfig                            0x08009787   Thumb Code    14  stm32f4xx_rcc.o(.text)
    RCC_GetFlagStatus                        0x08009795   Thumb Code    60  stm32f4xx_rcc.o(.text)
    RCC_WaitForHSEStartUp                    0x080097d1   Thumb Code    56  stm32f4xx_rcc.o(.text)
    RCC_AdjustHSICalibrationValue            0x08009809   Thumb Code    20  stm32f4xx_rcc.o(.text)
    RCC_HSICmd                               0x0800981d   Thumb Code     6  stm32f4xx_rcc.o(.text)
    RCC_LSEConfig                            0x08009823   Thumb Code    46  stm32f4xx_rcc.o(.text)
    RCC_LSICmd                               0x08009851   Thumb Code     6  stm32f4xx_rcc.o(.text)
    RCC_PLLConfig                            0x08009857   Thumb Code    32  stm32f4xx_rcc.o(.text)
    RCC_PLLCmd                               0x08009877   Thumb Code     6  stm32f4xx_rcc.o(.text)
    RCC_PLLI2SConfig                         0x0800987d   Thumb Code    14  stm32f4xx_rcc.o(.text)
    RCC_PLLI2SCmd                            0x0800988b   Thumb Code     6  stm32f4xx_rcc.o(.text)
    RCC_PLLSAIConfig                         0x08009891   Thumb Code    20  stm32f4xx_rcc.o(.text)
    RCC_PLLSAICmd                            0x080098a5   Thumb Code     6  stm32f4xx_rcc.o(.text)
    RCC_ClockSecuritySystemCmd               0x080098ab   Thumb Code     6  stm32f4xx_rcc.o(.text)
    RCC_MCO1Config                           0x080098b1   Thumb Code    28  stm32f4xx_rcc.o(.text)
    RCC_MCO2Config                           0x080098cd   Thumb Code    28  stm32f4xx_rcc.o(.text)
    RCC_SYSCLKConfig                         0x080098e9   Thumb Code    20  stm32f4xx_rcc.o(.text)
    RCC_GetSYSCLKSource                      0x080098fd   Thumb Code    12  stm32f4xx_rcc.o(.text)
    RCC_HCLKConfig                           0x08009909   Thumb Code    20  stm32f4xx_rcc.o(.text)
    RCC_PCLK1Config                          0x0800991d   Thumb Code    20  stm32f4xx_rcc.o(.text)
    RCC_PCLK2Config                          0x08009931   Thumb Code    22  stm32f4xx_rcc.o(.text)
    RCC_GetClocksFreq                        0x08009947   Thumb Code   222  stm32f4xx_rcc.o(.text)
    RCC_RTCCLKConfig                         0x08009a25   Thumb Code    54  stm32f4xx_rcc.o(.text)
    RCC_RTCCLKCmd                            0x08009a5b   Thumb Code     8  stm32f4xx_rcc.o(.text)
    RCC_BackupResetCmd                       0x08009a63   Thumb Code     8  stm32f4xx_rcc.o(.text)
    RCC_I2SCLKConfig                         0x08009a6b   Thumb Code     6  stm32f4xx_rcc.o(.text)
    RCC_SAIBlockACLKConfig                   0x08009a71   Thumb Code    20  stm32f4xx_rcc.o(.text)
    RCC_SAIBlockBCLKConfig                   0x08009a85   Thumb Code    20  stm32f4xx_rcc.o(.text)
    RCC_SAIPLLI2SClkDivConfig                0x08009a99   Thumb Code    26  stm32f4xx_rcc.o(.text)
    RCC_SAIPLLSAIClkDivConfig                0x08009ab3   Thumb Code    28  stm32f4xx_rcc.o(.text)
    RCC_LTDCCLKDivConfig                     0x08009acf   Thumb Code    20  stm32f4xx_rcc.o(.text)
    RCC_TIMCLKPresConfig                     0x08009ae3   Thumb Code     6  stm32f4xx_rcc.o(.text)
    RCC_AHB1PeriphClockCmd                   0x08009ae9   Thumb Code    34  stm32f4xx_rcc.o(.text)
    RCC_AHB2PeriphClockCmd                   0x08009b0b   Thumb Code    78  stm32f4xx_rcc.o(.text)
    RCC_AHB3PeriphClockCmd                   0x08009b59   Thumb Code    34  stm32f4xx_rcc.o(.text)
    RCC_APB1PeriphClockCmd                   0x08009b7b   Thumb Code    34  stm32f4xx_rcc.o(.text)
    RCC_APB2PeriphClockCmd                   0x08009b9d   Thumb Code    34  stm32f4xx_rcc.o(.text)
    RCC_AHB1PeriphResetCmd                   0x08009bbf   Thumb Code    34  stm32f4xx_rcc.o(.text)
    RCC_AHB2PeriphResetCmd                   0x08009be1   Thumb Code    34  stm32f4xx_rcc.o(.text)
    RCC_AHB3PeriphResetCmd                   0x08009c03   Thumb Code    34  stm32f4xx_rcc.o(.text)
    RCC_APB1PeriphResetCmd                   0x08009c25   Thumb Code    34  stm32f4xx_rcc.o(.text)
    RCC_APB2PeriphResetCmd                   0x08009c47   Thumb Code    34  stm32f4xx_rcc.o(.text)
    RCC_AHB1PeriphClockLPModeCmd             0x08009c69   Thumb Code    34  stm32f4xx_rcc.o(.text)
    RCC_AHB2PeriphClockLPModeCmd             0x08009c8b   Thumb Code    34  stm32f4xx_rcc.o(.text)
    RCC_AHB3PeriphClockLPModeCmd             0x08009cad   Thumb Code    34  stm32f4xx_rcc.o(.text)
    RCC_APB1PeriphClockLPModeCmd             0x08009ccf   Thumb Code    34  stm32f4xx_rcc.o(.text)
    RCC_APB2PeriphClockLPModeCmd             0x08009cf1   Thumb Code    34  stm32f4xx_rcc.o(.text)
    RCC_LSEModeConfig                        0x08009d13   Thumb Code    40  stm32f4xx_rcc.o(.text)
    RCC_ITConfig                             0x08009d3b   Thumb Code    34  stm32f4xx_rcc.o(.text)
    RCC_ClearFlag                            0x08009d5d   Thumb Code    18  stm32f4xx_rcc.o(.text)
    RCC_GetITStatus                          0x08009d6f   Thumb Code    22  stm32f4xx_rcc.o(.text)
    RCC_ClearITPendingBit                    0x08009d85   Thumb Code     8  stm32f4xx_rcc.o(.text)
    SPI_I2S_DeInit                           0x08009d91   Thumb Code   152  stm32f4xx_spi.o(.text)
    SPI_Init                                 0x08009e29   Thumb Code    60  stm32f4xx_spi.o(.text)
    I2S_Init                                 0x08009e65   Thumb Code   396  stm32f4xx_spi.o(.text)
    SPI_StructInit                           0x08009ff1   Thumb Code    24  stm32f4xx_spi.o(.text)
    I2S_StructInit                           0x0800a009   Thumb Code    20  stm32f4xx_spi.o(.text)
    SPI_Cmd                                  0x0800a01d   Thumb Code    24  stm32f4xx_spi.o(.text)
    I2S_Cmd                                  0x0800a035   Thumb Code    24  stm32f4xx_spi.o(.text)
    SPI_DataSizeConfig                       0x0800a04d   Thumb Code    18  stm32f4xx_spi.o(.text)
    SPI_BiDirectionalLineConfig              0x0800a05f   Thumb Code    28  stm32f4xx_spi.o(.text)
    SPI_NSSInternalSoftwareConfig            0x0800a07b   Thumb Code    30  stm32f4xx_spi.o(.text)
    SPI_SSOutputCmd                          0x0800a099   Thumb Code    24  stm32f4xx_spi.o(.text)
    SPI_TIModeCmd                            0x0800a0b1   Thumb Code    24  stm32f4xx_spi.o(.text)
    I2S_FullDuplexConfig                     0x0800a0c9   Thumb Code    80  stm32f4xx_spi.o(.text)
    SPI_I2S_ReceiveData                      0x0800a119   Thumb Code     6  stm32f4xx_spi.o(.text)
    SPI_I2S_SendData                         0x0800a11f   Thumb Code     4  stm32f4xx_spi.o(.text)
    SPI_CalculateCRC                         0x0800a123   Thumb Code    24  stm32f4xx_spi.o(.text)
    SPI_TransmitCRC                          0x0800a13b   Thumb Code    10  stm32f4xx_spi.o(.text)
    SPI_GetCRC                               0x0800a145   Thumb Code    16  stm32f4xx_spi.o(.text)
    SPI_GetCRCPolynomial                     0x0800a155   Thumb Code     6  stm32f4xx_spi.o(.text)
    SPI_I2S_DMACmd                           0x0800a15b   Thumb Code    18  stm32f4xx_spi.o(.text)
    SPI_I2S_ITConfig                         0x0800a16d   Thumb Code    68  stm32f4xx_spi.o(.text)
    SPI_I2S_GetFlagStatus                    0x0800a1b1   Thumb Code    18  stm32f4xx_spi.o(.text)
    SPI_I2S_ClearFlag                        0x0800a1c3   Thumb Code     6  stm32f4xx_spi.o(.text)
    SPI_I2S_GetITStatus                      0x0800a1c9   Thumb Code    52  stm32f4xx_spi.o(.text)
    SPI_I2S_ClearITPendingBit                0x0800a1fd   Thumb Code    20  stm32f4xx_spi.o(.text)
    SYSCFG_DeInit                            0x0800a211   Thumb Code    22  stm32f4xx_syscfg.o(.text)
    SYSCFG_MemoryRemapConfig                 0x0800a227   Thumb Code     6  stm32f4xx_syscfg.o(.text)
    SYSCFG_MemorySwappingBank                0x0800a22d   Thumb Code     6  stm32f4xx_syscfg.o(.text)
    SYSCFG_EXTILineConfig                    0x0800a233   Thumb Code    66  stm32f4xx_syscfg.o(.text)
    SYSCFG_ETH_MediaInterfaceConfig          0x0800a275   Thumb Code     8  stm32f4xx_syscfg.o(.text)
    SYSCFG_CompensationCellCmd               0x0800a27d   Thumb Code     6  stm32f4xx_syscfg.o(.text)
    SYSCFG_GetCompensationCellStatus         0x0800a283   Thumb Code    22  stm32f4xx_syscfg.o(.text)
    TIM_DeInit                               0x0800a2a5   Thumb Code   346  stm32f4xx_tim.o(.text)
    TIM_TimeBaseInit                         0x0800a3ff   Thumb Code   104  stm32f4xx_tim.o(.text)
    TIM_TimeBaseStructInit                   0x0800a467   Thumb Code    18  stm32f4xx_tim.o(.text)
    TIM_PrescalerConfig                      0x0800a479   Thumb Code     6  stm32f4xx_tim.o(.text)
    TIM_CounterModeConfig                    0x0800a47f   Thumb Code    18  stm32f4xx_tim.o(.text)
    TIM_SetCounter                           0x0800a491   Thumb Code     4  stm32f4xx_tim.o(.text)
    TIM_SetAutoreload                        0x0800a495   Thumb Code     4  stm32f4xx_tim.o(.text)
    TIM_GetCounter                           0x0800a499   Thumb Code     6  stm32f4xx_tim.o(.text)
    TIM_GetPrescaler                         0x0800a49f   Thumb Code     6  stm32f4xx_tim.o(.text)
    TIM_UpdateDisableConfig                  0x0800a4a5   Thumb Code    24  stm32f4xx_tim.o(.text)
    TIM_UpdateRequestConfig                  0x0800a4bd   Thumb Code    24  stm32f4xx_tim.o(.text)
    TIM_ARRPreloadConfig                     0x0800a4d5   Thumb Code    24  stm32f4xx_tim.o(.text)
    TIM_SelectOnePulseMode                   0x0800a4ed   Thumb Code    18  stm32f4xx_tim.o(.text)
    TIM_SetClockDivision                     0x0800a4ff   Thumb Code    18  stm32f4xx_tim.o(.text)
    TIM_Cmd                                  0x0800a511   Thumb Code    24  stm32f4xx_tim.o(.text)
    TIM_OC1Init                              0x0800a529   Thumb Code   114  stm32f4xx_tim.o(.text)
    TIM_OC2Init                              0x0800a59b   Thumb Code   154  stm32f4xx_tim.o(.text)
    TIM_OC3Init                              0x0800a635   Thumb Code   204  stm32f4xx_tim.o(.text)
    TIM_OC4Init                              0x0800a701   Thumb Code   112  stm32f4xx_tim.o(.text)
    TIM_OCStructInit                         0x0800a771   Thumb Code    20  stm32f4xx_tim.o(.text)
    TIM_SelectOCxM                           0x0800a785   Thumb Code    86  stm32f4xx_tim.o(.text)
    TIM_SetCompare1                          0x0800a7db   Thumb Code     4  stm32f4xx_tim.o(.text)
    TIM_SetCompare2                          0x0800a7df   Thumb Code     4  stm32f4xx_tim.o(.text)
    TIM_SetCompare3                          0x0800a7e3   Thumb Code     4  stm32f4xx_tim.o(.text)
    TIM_SetCompare4                          0x0800a7e7   Thumb Code     4  stm32f4xx_tim.o(.text)
    TIM_ForcedOC1Config                      0x0800a7eb   Thumb Code    18  stm32f4xx_tim.o(.text)
    TIM_ForcedOC2Config                      0x0800a7fd   Thumb Code    26  stm32f4xx_tim.o(.text)
    TIM_ForcedOC3Config                      0x0800a817   Thumb Code    18  stm32f4xx_tim.o(.text)
    TIM_ForcedOC4Config                      0x0800a829   Thumb Code    26  stm32f4xx_tim.o(.text)
    TIM_OC1PreloadConfig                     0x0800a843   Thumb Code    18  stm32f4xx_tim.o(.text)
    TIM_OC2PreloadConfig                     0x0800a855   Thumb Code    26  stm32f4xx_tim.o(.text)
    TIM_OC3PreloadConfig                     0x0800a86f   Thumb Code    18  stm32f4xx_tim.o(.text)
    TIM_OC4PreloadConfig                     0x0800a881   Thumb Code    26  stm32f4xx_tim.o(.text)
    TIM_OC1FastConfig                        0x0800a89b   Thumb Code    18  stm32f4xx_tim.o(.text)
    TIM_OC2FastConfig                        0x0800a8ad   Thumb Code    26  stm32f4xx_tim.o(.text)
    TIM_OC3FastConfig                        0x0800a8c7   Thumb Code    18  stm32f4xx_tim.o(.text)
    TIM_OC4FastConfig                        0x0800a8d9   Thumb Code    26  stm32f4xx_tim.o(.text)
    TIM_ClearOC1Ref                          0x0800a8f3   Thumb Code    18  stm32f4xx_tim.o(.text)
    TIM_ClearOC2Ref                          0x0800a905   Thumb Code    24  stm32f4xx_tim.o(.text)
    TIM_ClearOC3Ref                          0x0800a91d   Thumb Code    18  stm32f4xx_tim.o(.text)
    TIM_ClearOC4Ref                          0x0800a92f   Thumb Code    24  stm32f4xx_tim.o(.text)
    TIM_OC1PolarityConfig                    0x0800a947   Thumb Code    18  stm32f4xx_tim.o(.text)
    TIM_OC1NPolarityConfig                   0x0800a959   Thumb Code    18  stm32f4xx_tim.o(.text)
    TIM_OC2PolarityConfig                    0x0800a96b   Thumb Code    26  stm32f4xx_tim.o(.text)
    TIM_OC2NPolarityConfig                   0x0800a985   Thumb Code    26  stm32f4xx_tim.o(.text)
    TIM_OC3PolarityConfig                    0x0800a99f   Thumb Code    26  stm32f4xx_tim.o(.text)
    TIM_OC3NPolarityConfig                   0x0800a9b9   Thumb Code    26  stm32f4xx_tim.o(.text)
    TIM_OC4PolarityConfig                    0x0800a9d3   Thumb Code    26  stm32f4xx_tim.o(.text)
    TIM_CCxCmd                               0x0800a9ed   Thumb Code    30  stm32f4xx_tim.o(.text)
    TIM_CCxNCmd                              0x0800aa0b   Thumb Code    30  stm32f4xx_tim.o(.text)
    TIM_SetIC4Prescaler                      0x0800aa29   Thumb Code    26  stm32f4xx_tim.o(.text)
    TIM_SetIC3Prescaler                      0x0800aa93   Thumb Code    18  stm32f4xx_tim.o(.text)
    TIM_SetIC2Prescaler                      0x0800aaed   Thumb Code    26  stm32f4xx_tim.o(.text)
    TIM_SetIC1Prescaler                      0x0800ab61   Thumb Code    18  stm32f4xx_tim.o(.text)
    TIM_ICInit                               0x0800abad   Thumb Code   110  stm32f4xx_tim.o(.text)
    TIM_ICStructInit                         0x0800ac1b   Thumb Code    18  stm32f4xx_tim.o(.text)
    TIM_PWMIConfig                           0x0800ac2d   Thumb Code   124  stm32f4xx_tim.o(.text)
    TIM_GetCapture1                          0x0800aca9   Thumb Code     6  stm32f4xx_tim.o(.text)
    TIM_GetCapture2                          0x0800acaf   Thumb Code     6  stm32f4xx_tim.o(.text)
    TIM_GetCapture3                          0x0800acb5   Thumb Code     6  stm32f4xx_tim.o(.text)
    TIM_GetCapture4                          0x0800acbb   Thumb Code     6  stm32f4xx_tim.o(.text)
    TIM_BDTRConfig                           0x0800acc1   Thumb Code    32  stm32f4xx_tim.o(.text)
    TIM_BDTRStructInit                       0x0800ace1   Thumb Code    18  stm32f4xx_tim.o(.text)
    TIM_CtrlPWMOutputs                       0x0800acf3   Thumb Code    30  stm32f4xx_tim.o(.text)
    TIM_SelectCOM                            0x0800ad11   Thumb Code    24  stm32f4xx_tim.o(.text)
    TIM_CCPreloadControl                     0x0800ad29   Thumb Code    24  stm32f4xx_tim.o(.text)
    TIM_ITConfig                             0x0800ad41   Thumb Code    18  stm32f4xx_tim.o(.text)
    TIM_GenerateEvent                        0x0800ad53   Thumb Code     4  stm32f4xx_tim.o(.text)
    TIM_GetFlagStatus                        0x0800ad57   Thumb Code    18  stm32f4xx_tim.o(.text)
    TIM_ClearFlag                            0x0800ad69   Thumb Code     6  stm32f4xx_tim.o(.text)
    TIM_GetITStatus                          0x0800ad6f   Thumb Code    34  stm32f4xx_tim.o(.text)
    TIM_ClearITPendingBit                    0x0800ad91   Thumb Code     6  stm32f4xx_tim.o(.text)
    TIM_DMAConfig                            0x0800ad97   Thumb Code    10  stm32f4xx_tim.o(.text)
    TIM_DMACmd                               0x0800ada1   Thumb Code    18  stm32f4xx_tim.o(.text)
    TIM_SelectCCDMA                          0x0800adb3   Thumb Code    24  stm32f4xx_tim.o(.text)
    TIM_InternalClockConfig                  0x0800adcb   Thumb Code    12  stm32f4xx_tim.o(.text)
    TIM_SelectInputTrigger                   0x0800add7   Thumb Code    18  stm32f4xx_tim.o(.text)
    TIM_ITRxExternalClockConfig              0x0800ade9   Thumb Code    24  stm32f4xx_tim.o(.text)
    TIM_TIxExternalClockConfig               0x0800ae01   Thumb Code    62  stm32f4xx_tim.o(.text)
    TIM_ETRConfig                            0x0800ae3f   Thumb Code    28  stm32f4xx_tim.o(.text)
    TIM_ETRClockMode1Config                  0x0800ae5b   Thumb Code    54  stm32f4xx_tim.o(.text)
    TIM_ETRClockMode2Config                  0x0800ae91   Thumb Code    32  stm32f4xx_tim.o(.text)
    TIM_SelectOutputTrigger                  0x0800aeb1   Thumb Code    18  stm32f4xx_tim.o(.text)
    TIM_SelectSlaveMode                      0x0800aec3   Thumb Code    18  stm32f4xx_tim.o(.text)
    TIM_SelectMasterSlaveMode                0x0800aed5   Thumb Code    18  stm32f4xx_tim.o(.text)
    TIM_EncoderInterfaceConfig               0x0800aee7   Thumb Code    66  stm32f4xx_tim.o(.text)
    TIM_SelectHallSensor                     0x0800af29   Thumb Code    24  stm32f4xx_tim.o(.text)
    TIM_RemapConfig                          0x0800af41   Thumb Code     6  stm32f4xx_tim.o(.text)
    USART_DeInit                             0x0800af49   Thumb Code   206  stm32f4xx_usart.o(.text)
    USART_Init                               0x0800b017   Thumb Code   204  stm32f4xx_usart.o(.text)
    USART_StructInit                         0x0800b0e3   Thumb Code    24  stm32f4xx_usart.o(.text)
    USART_ClockInit                          0x0800b0fb   Thumb Code    32  stm32f4xx_usart.o(.text)
    USART_ClockStructInit                    0x0800b11b   Thumb Code    12  stm32f4xx_usart.o(.text)
    USART_Cmd                                0x0800b127   Thumb Code    24  stm32f4xx_usart.o(.text)
    USART_SetPrescaler                       0x0800b13f   Thumb Code    16  stm32f4xx_usart.o(.text)
    USART_OverSampling8Cmd                   0x0800b14f   Thumb Code    22  stm32f4xx_usart.o(.text)
    USART_OneBitMethodCmd                    0x0800b165   Thumb Code    24  stm32f4xx_usart.o(.text)
    USART_SendData                           0x0800b17d   Thumb Code     8  stm32f4xx_usart.o(.text)
    USART_ReceiveData                        0x0800b185   Thumb Code    10  stm32f4xx_usart.o(.text)
    USART_SetAddress                         0x0800b18f   Thumb Code    18  stm32f4xx_usart.o(.text)
    USART_ReceiverWakeUpCmd                  0x0800b1a1   Thumb Code    24  stm32f4xx_usart.o(.text)
    USART_WakeUpConfig                       0x0800b1b9   Thumb Code    18  stm32f4xx_usart.o(.text)
    USART_LINBreakDetectLengthConfig         0x0800b1cb   Thumb Code    18  stm32f4xx_usart.o(.text)
    USART_LINCmd                             0x0800b1dd   Thumb Code    24  stm32f4xx_usart.o(.text)
    USART_SendBreak                          0x0800b1f5   Thumb Code    10  stm32f4xx_usart.o(.text)
    USART_HalfDuplexCmd                      0x0800b1ff   Thumb Code    24  stm32f4xx_usart.o(.text)
    USART_SetGuardTime                       0x0800b217   Thumb Code    16  stm32f4xx_usart.o(.text)
    USART_SmartCardCmd                       0x0800b227   Thumb Code    24  stm32f4xx_usart.o(.text)
    USART_SmartCardNACKCmd                   0x0800b23f   Thumb Code    24  stm32f4xx_usart.o(.text)
    USART_IrDAConfig                         0x0800b257   Thumb Code    18  stm32f4xx_usart.o(.text)
    USART_IrDACmd                            0x0800b269   Thumb Code    24  stm32f4xx_usart.o(.text)
    USART_DMACmd                             0x0800b281   Thumb Code    18  stm32f4xx_usart.o(.text)
    USART_ITConfig                           0x0800b293   Thumb Code    74  stm32f4xx_usart.o(.text)
    USART_GetFlagStatus                      0x0800b2dd   Thumb Code    26  stm32f4xx_usart.o(.text)
    USART_ClearFlag                          0x0800b2f7   Thumb Code    18  stm32f4xx_usart.o(.text)
    USART_GetITStatus                        0x0800b309   Thumb Code   118  stm32f4xx_usart.o(.text)
    USART_ClearITPendingBit                  0x0800b37f   Thumb Code    30  stm32f4xx_usart.o(.text)
    __2sprintf                               0x0800b39d   Thumb Code    34  noretval__2sprintf.o(.text)
    _printf_pre_padding                      0x0800b3c5   Thumb Code    44  _printf_pad.o(.text)
    _printf_post_padding                     0x0800b3f1   Thumb Code    34  _printf_pad.o(.text)
    _printf_str                              0x0800b413   Thumb Code    82  _printf_str.o(.text)
    _printf_int_dec                          0x0800b465   Thumb Code   104  _printf_dec.o(.text)
    __printf                                 0x0800b4dd   Thumb Code   308  __printf_flags_wp.o(.text)
    strstr                                   0x0800b615   Thumb Code    36  strstr.o(.text)
    __aeabi_memcpy                           0x0800b639   Thumb Code     0  rt_memcpy_v6.o(.text)
    __rt_memcpy                              0x0800b639   Thumb Code   138  rt_memcpy_v6.o(.text)
    _memcpy_lastbytes                        0x0800b69f   Thumb Code     0  rt_memcpy_v6.o(.text)
    __aeabi_memcpy4                          0x0800b6c3   Thumb Code     0  rt_memcpy_w.o(.text)
    __aeabi_memcpy8                          0x0800b6c3   Thumb Code     0  rt_memcpy_w.o(.text)
    __rt_memcpy_w                            0x0800b6c3   Thumb Code   100  rt_memcpy_w.o(.text)
    _memcpy_lastbytes_aligned                0x0800b70b   Thumb Code     0  rt_memcpy_w.o(.text)
    __aeabi_memclr                           0x0800b727   Thumb Code     0  rt_memclr.o(.text)
    __rt_memclr                              0x0800b727   Thumb Code    68  rt_memclr.o(.text)
    _memset                                  0x0800b72b   Thumb Code     0  rt_memclr.o(.text)
    __use_two_region_memory                  0x0800b76b   Thumb Code     2  heapauxi.o(.text)
    __rt_heap_escrow$2region                 0x0800b76d   Thumb Code     2  heapauxi.o(.text)
    __rt_heap_expand$2region                 0x0800b76f   Thumb Code     2  heapauxi.o(.text)
    _printf_int_common                       0x0800b771   Thumb Code   178  _printf_intcommon.o(.text)
    __lib_sel_fp_printf                      0x0800b823   Thumb Code     2  _printf_fp_dec.o(.text)
    _printf_fp_dec_real                      0x0800b9d1   Thumb Code   620  _printf_fp_dec.o(.text)
    _printf_char_common                      0x0800bc47   Thumb Code    32  _printf_char_common.o(.text)
    _sputc                                   0x0800bc6d   Thumb Code    10  _sputc.o(.text)
    _printf_cs_common                        0x0800bc77   Thumb Code    20  _printf_char.o(.text)
    _printf_char                             0x0800bc8b   Thumb Code    16  _printf_char.o(.text)
    _printf_string                           0x0800bc9b   Thumb Code     8  _printf_char.o(.text)
    __aeabi_memclr4                          0x0800bca3   Thumb Code     0  rt_memclr_w.o(.text)
    __aeabi_memclr8                          0x0800bca3   Thumb Code     0  rt_memclr_w.o(.text)
    __rt_memclr_w                            0x0800bca3   Thumb Code    78  rt_memclr_w.o(.text)
    _memset_w                                0x0800bca7   Thumb Code     0  rt_memclr_w.o(.text)
    __rt_locale                              0x0800bcf1   Thumb Code     8  rt_locale_intlibspace.o(.text)
    _ll_udiv10                               0x0800bcf9   Thumb Code   138  lludiv10.o(.text)
    _printf_fp_infnan                        0x0800bd85   Thumb Code   112  _printf_fp_infnan.o(.text)
    _btod_etento                             0x0800be05   Thumb Code   216  bigflt0.o(.text)
    __user_libspace                          0x0800bee1   Thumb Code     8  libspace.o(.text)
    __user_perproc_libspace                  0x0800bee1   Thumb Code     0  libspace.o(.text)
    __user_perthread_libspace                0x0800bee1   Thumb Code     0  libspace.o(.text)
    __user_setup_stackheap                   0x0800bee9   Thumb Code    74  sys_stackheap_outer.o(.text)
    exit                                     0x0800bf33   Thumb Code    18  exit.o(.text)
    strcmp                                   0x0800bf45   Thumb Code   128  strcmpv7m.o(.text)
    _sys_exit                                0x0800bfc5   Thumb Code     8  sys_exit.o(.text)
    __I$use$semihosting                      0x0800bfd1   Thumb Code     0  use_no_semi.o(.text)
    __use_no_semihosting_swi                 0x0800bfd1   Thumb Code     2  use_no_semi.o(.text)
    __semihosting_library_function           0x0800bfd3   Thumb Code     0  indicate_semi.o(.text)
    _btod_d2e                                0x0800bfd3   Thumb Code    62  btod.o(CL$$btod_d2e)
    _d2e_denorm_low                          0x0800c011   Thumb Code    70  btod.o(CL$$btod_d2e_denorm_low)
    _d2e_norm_op1                            0x0800c057   Thumb Code    96  btod.o(CL$$btod_d2e_norm_op1)
    __btod_div_common                        0x0800c0b7   Thumb Code   696  btod.o(CL$$btod_div_common)
    _e2e                                     0x0800c3ef   Thumb Code   198  btod.o(CL$$btod_e2e)
    _btod_ediv                               0x0800c4b5   Thumb Code    40  btod.o(CL$$btod_ediv)
    _btod_emul                               0x0800c4dd   Thumb Code    40  btod.o(CL$$btod_emul)
    __btod_mult_common                       0x0800c505   Thumb Code   580  btod.o(CL$$btod_mult_common)
    __ARM_fpclassify                         0x0800c749   Thumb Code    48  fpclassify.o(i.__ARM_fpclassify)
    _is_digit                                0x0800c779   Thumb Code    14  __printf_wp.o(i._is_digit)
    _get_lc_numeric                          0x0800c789   Thumb Code    44  lc_numeric_c.o(locale$$code)
    __fpl_dretinf                            0x0800c7b5   Thumb Code    12  dretinf.o(x$fpl$dretinf)
    __aeabi_f2d                              0x0800c7c1   Thumb Code     0  f2d.o(x$fpl$f2d)
    _f2d                                     0x0800c7c1   Thumb Code    86  f2d.o(x$fpl$f2d)
    __fpl_fnaninf                            0x0800c817   Thumb Code   140  fnaninf.o(x$fpl$fnaninf)
    _fp_init                                 0x0800c8a3   Thumb Code    10  fpinit.o(x$fpl$fpinit)
    __fplib_config_fpu_vfp                   0x0800c8ab   Thumb Code     0  fpinit.o(x$fpl$fpinit)
    __fplib_config_pureend_doubles           0x0800c8ab   Thumb Code     0  fpinit.o(x$fpl$fpinit)
    _printf_fp_dec                           0x0800c8ad   Thumb Code     4  printf1.o(x$fpl$printf1)
    TX_ADDRESS_P0                            0x0800c8b0   Data           5  nrf24l01.o(.constdata)
    __I$use$fp                               0x0800c8b0   Number         0  usenofp.o(x$fpl$usenofp)
    RX_ADDRESS_P0                            0x0800c8b5   Data           5  nrf24l01.o(.constdata)
    ASCII_3216_Table                         0x0800c8ba   Data        6080  lcd_fonts.o(.constdata)
    ASCII_2412_Table                         0x0800e07a   Data        4560  lcd_fonts.o(.constdata)
    ASCII_2010_Table                         0x0800f24a   Data        3800  lcd_fonts.o(.constdata)
    ASCII_1608_Table                         0x08010122   Data        1520  lcd_fonts.o(.constdata)
    ASCII_1206_Table                         0x08010712   Data        1140  lcd_fonts.o(.constdata)
    FSMC_DefaultTimingStruct                 0x08010b88   Data          28  stm32f4xx_fsmc.o(.constdata)
    Region$$Table$$Base                      0x08010c4c   Number         0  anon$$obj.o(Region$$Table)
    Region$$Table$$Limit                     0x08010c6c   Number         0  anon$$obj.o(Region$$Table)
    Page_Now                                 0x20000000   Data           1  show.o(.data)
    Page_Next                                0x20000001   Data           1  show.o(.data)
    SP_NRF                                   0x20000002   Data           6  show.o(.data)
    SP_Sensor                                0x20000008   Data           6  show.o(.data)
    SP_Status                                0x2000000e   Data           6  show.o(.data)
    SP_GPS                                   0x20000014   Data           6  show.o(.data)
    SP_Power                                 0x2000001a   Data           6  show.o(.data)
    SP_Thro                                  0x20000020   Data           6  show.o(.data)
    row                                      0x20000026   Data           2  show.o(.data)
    col                                      0x20000028   Data           2  show.o(.data)
    s                                        0x2000002a   Data           1  show.o(.data)
    RC_power                                 0x20000030   Data           8  rc.o(.data)
    sum_pid                                  0x20000038   Data           3  rc.o(.data)
    PID_R_Index                              0x20000040   Data           1  input_ctrl.o(.data)
    PID_C_Index                              0x20000041   Data           1  input_ctrl.o(.data)
    PID_Point                                0x20000044   Data           4  input_ctrl.o(.data)
    USART1_STA                               0x20000055   Data           5  usart.o(.data)
    USART2_STA                               0x2000005a   Data           5  usart.o(.data)
    USART3_STA                               0x2000005f   Data           5  usart.o(.data)
    USART6_STA                               0x20000064   Data           5  usart.o(.data)
    Font32                                   0x20000074   Data          12  lcd_fonts.o(.data)
    Font24                                   0x20000080   Data          12  lcd_fonts.o(.data)
    Font20                                   0x2000008c   Data          12  lcd_fonts.o(.data)
    Font16                                   0x20000098   Data          12  lcd_fonts.o(.data)
    Font12                                   0x200000a4   Data          12  lcd_fonts.o(.data)
    F_ADC_LEFT_X                             0x200000b0   Data         412  adc.o(.data)
    F_ADC_LEFT_Y                             0x2000024c   Data         412  adc.o(.data)
    F_ADC_RIGHT_X                            0x200003e8   Data         412  adc.o(.data)
    F_ADC_RIGHT_Y                            0x20000584   Data         412  adc.o(.data)
    SystemCoreClock                          0x20000724   Data           4  system_stm32f4xx.o(.data)
    AHBPrescTable                            0x20000728   Data          16  system_stm32f4xx.o(.data)
    gps_buff                                 0x20000748   Data         128  gps.o(.bss)
    gps_data                                 0x200007c8   Data         107  gps.o(.bss)
    NRF                                      0x20000834   Data          80  nrf24l01.o(.bss)
    mpu9250_data                             0x20000884   Data          20  mpu9250.o(.bss)
    strTemp                                  0x20000898   Data          48  show.o(.bss)
    LogBuff                                  0x200008c8   Data         192  show.o(.bss)
    RC_sensor                                0x20000988   Data          18  rc.o(.bss)
    RC_status                                0x2000099c   Data          24  rc.o(.bss)
    RC_gps                                   0x200009b4   Data          36  rc.o(.bss)
    RC_CmdReqFlag                            0x200009d8   Data          14  rc.o(.bss)
    RC_Pitch_angle_PID                       0x200009e8   Data          40  rc.o(.bss)
    RC_Roll_angle_PID                        0x20000a10   Data          40  rc.o(.bss)
    RC_Yaw_angle_PID                         0x20000a38   Data          40  rc.o(.bss)
    RC_Pitch_rate_PID                        0x20000a60   Data          40  rc.o(.bss)
    RC_Roll_rate_PID                         0x20000a88   Data          40  rc.o(.bss)
    RC_Yaw_rate_PID                          0x20000ab0   Data          40  rc.o(.bss)
    RC_High_dis_PID                          0x20000ad8   Data          40  rc.o(.bss)
    RC_High_v_PID                            0x20000b00   Data          40  rc.o(.bss)
    LCD                                      0x20000b48   Data          20  ili9488.o(.bss)
    INPUT                                    0x20000b5c   Data          96  input_ctrl.o(.bss)
    USART1_TX_Buff                           0x20000bbc   Data         256  usart.o(.bss)
    USART1_RX_Buff                           0x20000cbc   Data         256  usart.o(.bss)
    USART2_TX_Buff                           0x20000dbc   Data         256  usart.o(.bss)
    USART2_RX_Buff                           0x20000ebc   Data         256  usart.o(.bss)
    USART3_TX_Buff                           0x20000fbc   Data         256  usart.o(.bss)
    USART3_RX_Buff                           0x200010bc   Data         256  usart.o(.bss)
    USART6_TX_Buff                           0x200011bc   Data         256  usart.o(.bss)
    USART6_RX_Buff                           0x200012bc   Data         256  usart.o(.bss)
    __libspace_start                         0x200013cc   Data          96  libspace.o(.bss)
    __temporary_stack_top$libspace           0x2000142c   Data           0  libspace.o(.bss)



==============================================================================

Memory Map of the image

  Image Entry point : 0x08000189

  Load Region LR_IROM1 (Base: 0x08000000, Size: 0x000113d0, Max: 0x00100000, ABSOLUTE, COMPRESSED[0x00010d08])

    Execution Region ER_IROM1 (Base: 0x08000000, Size: 0x00010c88, Max: 0x00100000, ABSOLUTE)

    Base Addr    Size         Type   Attr      Idx    E Section Name        Object

    0x08000000   0x00000188   Data   RO         1226    RESET               startup_stm32f40_41xxx.o
    0x08000188   0x00000008   Code   RO         2284  * !!!main             c_w.l(__main.o)
    0x08000190   0x00000034   Code   RO         2648    !!!scatter          c_w.l(__scatter.o)
    0x080001c4   0x0000005a   Code   RO         2646    !!dczerorl2         c_w.l(__dczerorl2.o)
    0x0800021e   0x00000002   PAD
    0x08000220   0x0000001c   Code   RO         2650    !!handler_zi        c_w.l(__scatter_zi.o)
    0x0800023c   0x00000000   Code   RO         2273    .ARM.Collect$$_printf_percent$$00000000  c_w.l(_printf_percent.o)
    0x0800023c   0x00000006   Code   RO         2272    .ARM.Collect$$_printf_percent$$00000003  c_w.l(_printf_f.o)
    0x08000242   0x00000006   Code   RO         2271    .ARM.Collect$$_printf_percent$$00000009  c_w.l(_printf_d.o)
    0x08000248   0x00000006   Code   RO         2269    .ARM.Collect$$_printf_percent$$00000013  c_w.l(_printf_c.o)
    0x0800024e   0x00000006   Code   RO         2270    .ARM.Collect$$_printf_percent$$00000014  c_w.l(_printf_s.o)
    0x08000254   0x00000004   Code   RO         2369    .ARM.Collect$$_printf_percent$$00000017  c_w.l(_printf_percent_end.o)
    0x08000258   0x00000002   Code   RO         2515    .ARM.Collect$$libinit$$00000000  c_w.l(libinit.o)
    0x0800025a   0x00000004   Code   RO         2516    .ARM.Collect$$libinit$$00000001  c_w.l(libinit2.o)
    0x0800025e   0x00000000   Code   RO         2519    .ARM.Collect$$libinit$$00000004  c_w.l(libinit2.o)
    0x0800025e   0x00000000   Code   RO         2522    .ARM.Collect$$libinit$$0000000A  c_w.l(libinit2.o)
    0x0800025e   0x00000000   Code   RO         2524    .ARM.Collect$$libinit$$0000000C  c_w.l(libinit2.o)
    0x0800025e   0x00000000   Code   RO         2526    .ARM.Collect$$libinit$$0000000E  c_w.l(libinit2.o)
    0x0800025e   0x00000006   Code   RO         2527    .ARM.Collect$$libinit$$0000000F  c_w.l(libinit2.o)
    0x08000264   0x00000000   Code   RO         2529    .ARM.Collect$$libinit$$00000011  c_w.l(libinit2.o)
    0x08000264   0x00000000   Code   RO         2531    .ARM.Collect$$libinit$$00000013  c_w.l(libinit2.o)
    0x08000264   0x00000000   Code   RO         2533    .ARM.Collect$$libinit$$00000015  c_w.l(libinit2.o)
    0x08000264   0x0000000a   Code   RO         2534    .ARM.Collect$$libinit$$00000016  c_w.l(libinit2.o)
    0x0800026e   0x00000000   Code   RO         2535    .ARM.Collect$$libinit$$00000017  c_w.l(libinit2.o)
    0x0800026e   0x00000000   Code   RO         2537    .ARM.Collect$$libinit$$00000019  c_w.l(libinit2.o)
    0x0800026e   0x00000000   Code   RO         2539    .ARM.Collect$$libinit$$0000001B  c_w.l(libinit2.o)
    0x0800026e   0x00000000   Code   RO         2541    .ARM.Collect$$libinit$$0000001D  c_w.l(libinit2.o)
    0x0800026e   0x00000000   Code   RO         2543    .ARM.Collect$$libinit$$0000001F  c_w.l(libinit2.o)
    0x0800026e   0x00000000   Code   RO         2545    .ARM.Collect$$libinit$$00000021  c_w.l(libinit2.o)
    0x0800026e   0x00000000   Code   RO         2547    .ARM.Collect$$libinit$$00000023  c_w.l(libinit2.o)
    0x0800026e   0x00000000   Code   RO         2549    .ARM.Collect$$libinit$$00000025  c_w.l(libinit2.o)
    0x0800026e   0x00000000   Code   RO         2553    .ARM.Collect$$libinit$$0000002C  c_w.l(libinit2.o)
    0x0800026e   0x00000000   Code   RO         2555    .ARM.Collect$$libinit$$0000002E  c_w.l(libinit2.o)
    0x0800026e   0x00000000   Code   RO         2557    .ARM.Collect$$libinit$$00000030  c_w.l(libinit2.o)
    0x0800026e   0x00000000   Code   RO         2559    .ARM.Collect$$libinit$$00000032  c_w.l(libinit2.o)
    0x0800026e   0x00000002   Code   RO         2560    .ARM.Collect$$libinit$$00000033  c_w.l(libinit2.o)
    0x08000270   0x00000002   Code   RO         2594    .ARM.Collect$$libshutdown$$00000000  c_w.l(libshutdown.o)
    0x08000272   0x00000000   Code   RO         2605    .ARM.Collect$$libshutdown$$00000002  c_w.l(libshutdown2.o)
    0x08000272   0x00000000   Code   RO         2607    .ARM.Collect$$libshutdown$$00000004  c_w.l(libshutdown2.o)
    0x08000272   0x00000000   Code   RO         2610    .ARM.Collect$$libshutdown$$00000007  c_w.l(libshutdown2.o)
    0x08000272   0x00000000   Code   RO         2613    .ARM.Collect$$libshutdown$$0000000A  c_w.l(libshutdown2.o)
    0x08000272   0x00000000   Code   RO         2615    .ARM.Collect$$libshutdown$$0000000C  c_w.l(libshutdown2.o)
    0x08000272   0x00000000   Code   RO         2618    .ARM.Collect$$libshutdown$$0000000F  c_w.l(libshutdown2.o)
    0x08000272   0x00000002   Code   RO         2619    .ARM.Collect$$libshutdown$$00000010  c_w.l(libshutdown2.o)
    0x08000274   0x00000000   Code   RO         2356    .ARM.Collect$$rtentry$$00000000  c_w.l(__rtentry.o)
    0x08000274   0x00000000   Code   RO         2437    .ARM.Collect$$rtentry$$00000002  c_w.l(__rtentry2.o)
    0x08000274   0x00000006   Code   RO         2449    .ARM.Collect$$rtentry$$00000004  c_w.l(__rtentry4.o)
    0x0800027a   0x00000000   Code   RO         2439    .ARM.Collect$$rtentry$$00000009  c_w.l(__rtentry2.o)
    0x0800027a   0x00000004   Code   RO         2440    .ARM.Collect$$rtentry$$0000000A  c_w.l(__rtentry2.o)
    0x0800027e   0x00000000   Code   RO         2442    .ARM.Collect$$rtentry$$0000000C  c_w.l(__rtentry2.o)
    0x0800027e   0x00000008   Code   RO         2443    .ARM.Collect$$rtentry$$0000000D  c_w.l(__rtentry2.o)
    0x08000286   0x00000002   Code   RO         2563    .ARM.Collect$$rtexit$$00000000  c_w.l(rtexit.o)
    0x08000288   0x00000000   Code   RO         2572    .ARM.Collect$$rtexit$$00000002  c_w.l(rtexit2.o)
    0x08000288   0x00000004   Code   RO         2573    .ARM.Collect$$rtexit$$00000003  c_w.l(rtexit2.o)
    0x0800028c   0x00000006   Code   RO         2574    .ARM.Collect$$rtexit$$00000004  c_w.l(rtexit2.o)
    0x08000292   0x00000002   PAD
    0x08000294   0x000001e0   Code   RO            4    .text               main.o
    0x08000474   0x00000018   Code   RO          284    .text               stm32f4xx_it.o
    0x0800048c   0x00000898   Code   RO          371    .text               gps.o
    0x08000d24   0x000000b4   Code   RO          418    .text               led.o
    0x08000dd8   0x000000c8   Code   RO          469    .text               beep.o
    0x08000ea0   0x0000034c   Code   RO          496    .text               nrf24l01.o
    0x080011ec   0x00000188   Code   RO          530    .text               key.o
    0x08001374   0x00000256   Code   RO          621    .text               mpu9250.o
    0x080015ca   0x00000002   PAD
    0x080015cc   0x00002050   Code   RO          652    .text               show.o
    0x0800361c   0x00000fd8   Code   RO          724    .text               rc.o
    0x080045f4   0x000018f4   Code   RO          759    .text               ili9488.o
    0x08005ee8   0x00000764   Code   RO          787    .text               input_ctrl.o
    0x0800664c   0x00000092   Code   RO          822    .text               clock.o
    0x080066de   0x00000002   PAD
    0x080066e0   0x0000041c   Code   RO          849    .text               dma.o
    0x08006afc   0x00000072   Code   RO          887    .text               systick.o
    0x08006b6e   0x00000002   PAD
    0x08006b70   0x000007e0   Code   RO          914    .text               usart.o
    0x08007350   0x000002b0   Code   RO          946    .text               iic.o
    0x08007600   0x00000294   Code   RO         1000    .text               timer.o
    0x08007894   0x0000013c   Code   RO         1043    .text               spi.o
    0x080079d0   0x000001d0   Code   RO         1070    .text               exti.o
    0x08007ba0   0x00000060   Code   RO         1101    .text               fsmc.o
    0x08007c00   0x000005bc   Code   RO         1166    .text               adc.o
    0x080081bc   0x00000210   Code   RO         1197    .text               system_stm32f4xx.o
    0x080083cc   0x00000040   Code   RO         1227    .text               startup_stm32f40_41xxx.o
    0x0800840c   0x000000e0   Code   RO         1234    .text               misc.o
    0x080084ec   0x00000464   Code   RO         1258    .text               stm32f4xx_adc.o
    0x08008950   0x000003a8   Code   RO         1519    .text               stm32f4xx_dma.o
    0x08008cf8   0x00000110   Code   RO         1570    .text               stm32f4xx_exti.o
    0x08008e08   0x00000698   Code   RO         1666    .text               stm32f4xx_fsmc.o
    0x080094a0   0x00000294   Code   RO         1693    .text               stm32f4xx_gpio.o
    0x08009734   0x0000065c   Code   RO         1909    .text               stm32f4xx_rcc.o
    0x08009d90   0x00000480   Code   RO         2055    .text               stm32f4xx_spi.o
    0x0800a210   0x00000094   Code   RO         2079    .text               stm32f4xx_syscfg.o
    0x0800a2a4   0x00000ca2   Code   RO         2103    .text               stm32f4xx_tim.o
    0x0800af46   0x00000002   PAD
    0x0800af48   0x00000454   Code   RO         2127    .text               stm32f4xx_usart.o
    0x0800b39c   0x00000028   Code   RO         2239    .text               c_w.l(noretval__2sprintf.o)
    0x0800b3c4   0x0000004e   Code   RO         2243    .text               c_w.l(_printf_pad.o)
    0x0800b412   0x00000052   Code   RO         2245    .text               c_w.l(_printf_str.o)
    0x0800b464   0x00000078   Code   RO         2247    .text               c_w.l(_printf_dec.o)
    0x0800b4dc   0x00000138   Code   RO         2261    .text               c_w.l(__printf_flags_wp.o)
    0x0800b614   0x00000024   Code   RO         2274    .text               c_w.l(strstr.o)
    0x0800b638   0x0000008a   Code   RO         2276    .text               c_w.l(rt_memcpy_v6.o)
    0x0800b6c2   0x00000064   Code   RO         2278    .text               c_w.l(rt_memcpy_w.o)
    0x0800b726   0x00000044   Code   RO         2280    .text               c_w.l(rt_memclr.o)
    0x0800b76a   0x00000006   Code   RO         2282    .text               c_w.l(heapauxi.o)
    0x0800b770   0x000000b2   Code   RO         2359    .text               c_w.l(_printf_intcommon.o)
    0x0800b822   0x0000041a   Code   RO         2361    .text               c_w.l(_printf_fp_dec.o)
    0x0800bc3c   0x00000030   Code   RO         2363    .text               c_w.l(_printf_char_common.o)
    0x0800bc6c   0x0000000a   Code   RO         2365    .text               c_w.l(_sputc.o)
    0x0800bc76   0x0000002c   Code   RO         2367    .text               c_w.l(_printf_char.o)
    0x0800bca2   0x0000004e   Code   RO         2370    .text               c_w.l(rt_memclr_w.o)
    0x0800bcf0   0x00000008   Code   RO         2454    .text               c_w.l(rt_locale_intlibspace.o)
    0x0800bcf8   0x0000008a   Code   RO         2461    .text               c_w.l(lludiv10.o)
    0x0800bd82   0x00000002   PAD
    0x0800bd84   0x00000080   Code   RO         2463    .text               c_w.l(_printf_fp_infnan.o)
    0x0800be04   0x000000dc   Code   RO         2467    .text               c_w.l(bigflt0.o)
    0x0800bee0   0x00000008   Code   RO         2501    .text               c_w.l(libspace.o)
    0x0800bee8   0x0000004a   Code   RO         2504    .text               c_w.l(sys_stackheap_outer.o)
    0x0800bf32   0x00000012   Code   RO         2506    .text               c_w.l(exit.o)
    0x0800bf44   0x00000080   Code   RO         2508    .text               c_w.l(strcmpv7m.o)
    0x0800bfc4   0x0000000c   Code   RO         2584    .text               c_w.l(sys_exit.o)
    0x0800bfd0   0x00000002   Code   RO         2595    .text               c_w.l(use_no_semi.o)
    0x0800bfd2   0x00000000   Code   RO         2597    .text               c_w.l(indicate_semi.o)
    0x0800bfd2   0x0000003e   Code   RO         2470    CL$$btod_d2e        c_w.l(btod.o)
    0x0800c010   0x00000046   Code   RO         2472    CL$$btod_d2e_denorm_low  c_w.l(btod.o)
    0x0800c056   0x00000060   Code   RO         2471    CL$$btod_d2e_norm_op1  c_w.l(btod.o)
    0x0800c0b6   0x00000338   Code   RO         2480    CL$$btod_div_common  c_w.l(btod.o)
    0x0800c3ee   0x000000c6   Code   RO         2477    CL$$btod_e2e        c_w.l(btod.o)
    0x0800c4b4   0x00000028   Code   RO         2474    CL$$btod_ediv       c_w.l(btod.o)
    0x0800c4dc   0x00000028   Code   RO         2473    CL$$btod_emul       c_w.l(btod.o)
    0x0800c504   0x00000244   Code   RO         2479    CL$$btod_mult_common  c_w.l(btod.o)
    0x0800c748   0x00000030   Code   RO         2431    i.__ARM_fpclassify  m_wm.l(fpclassify.o)
    0x0800c778   0x0000000e   Code   RO         2259    i._is_digit         c_w.l(__printf_wp.o)
    0x0800c786   0x00000002   PAD
    0x0800c788   0x0000002c   Code   RO         2493    locale$$code        c_w.l(lc_numeric_c.o)
    0x0800c7b4   0x0000000c   Code   RO         2384    x$fpl$dretinf       fz_wm.l(dretinf.o)
    0x0800c7c0   0x00000056   Code   RO         2300    x$fpl$f2d           fz_wm.l(f2d.o)
    0x0800c816   0x0000008c   Code   RO         2390    x$fpl$fnaninf       fz_wm.l(fnaninf.o)
    0x0800c8a2   0x0000000a   Code   RO         2567    x$fpl$fpinit        fz_wm.l(fpinit.o)
    0x0800c8ac   0x00000004   Code   RO         2302    x$fpl$printf1       fz_wm.l(printf1.o)
    0x0800c8b0   0x00000000   Code   RO         2396    x$fpl$usenofp       fz_wm.l(usenofp.o)
    0x0800c8b0   0x0000000a   Data   RO          498    .constdata          nrf24l01.o
    0x0800c8ba   0x000042cc   Data   RO         1125    .constdata          lcd_fonts.o
    0x08010b86   0x00000002   PAD
    0x08010b88   0x0000001c   Data   RO         1667    .constdata          stm32f4xx_fsmc.o
    0x08010ba4   0x00000011   Data   RO         2262    .constdata          c_w.l(__printf_flags_wp.o)
    0x08010bb5   0x00000003   PAD
    0x08010bb8   0x00000094   Data   RO         2468    .constdata          c_w.l(bigflt0.o)
    0x08010c4c   0x00000020   Data   RO         2644    Region$$Table       anon$$obj.o
    0x08010c6c   0x0000001c   Data   RO         2492    locale$$data        c_w.l(lc_numeric_c.o)


    Execution Region RW_IRAM1 (Base: 0x20000000, Size: 0x00001a30, Max: 0x00020000, ABSOLUTE, COMPRESSED[0x00000080])

    Base Addr    Size         Type   Attr      Idx    E Section Name        Object

    0x20000000   0x0000002f   Data   RW          654    .data               show.o
    0x2000002f   0x00000001   PAD
    0x20000030   0x0000000b   Data   RW          726    .data               rc.o
    0x2000003b   0x00000001   PAD
    0x2000003c   0x00000004   Data   RW          761    .data               ili9488.o
    0x20000040   0x00000015   Data   RW          789    .data               input_ctrl.o
    0x20000055   0x00000017   Data   RW          916    .data               usart.o
    0x2000006c   0x00000005   Data   RW         1001    .data               timer.o
    0x20000071   0x00000003   PAD
    0x20000074   0x0000003c   Data   RW         1126    .data               lcd_fonts.o
    0x200000b0   0x00000672   Data   RW         1168    .data               adc.o
    0x20000722   0x00000002   PAD
    0x20000724   0x00000014   Data   RW         1198    .data               system_stm32f4xx.o
    0x20000738   0x00000010   Data   RW         1910    .data               stm32f4xx_rcc.o
    0x20000748   0x000000eb   Zero   RW          372    .bss                gps.o
    0x20000833   0x00000001   PAD
    0x20000834   0x00000050   Zero   RW          497    .bss                nrf24l01.o
    0x20000884   0x00000014   Zero   RW          622    .bss                mpu9250.o
    0x20000898   0x000000f0   Zero   RW          653    .bss                show.o
    0x20000988   0x000001c0   Zero   RW          725    .bss                rc.o
    0x20000b48   0x00000014   Zero   RW          760    .bss                ili9488.o
    0x20000b5c   0x00000060   Zero   RW          788    .bss                input_ctrl.o
    0x20000bbc   0x00000800   Zero   RW          915    .bss                usart.o
    0x200013bc   0x00000010   Zero   RW         1167    .bss                adc.o
    0x200013cc   0x00000060   Zero   RW         2502    .bss                c_w.l(libspace.o)
    0x2000142c   0x00000004   PAD
    0x20001430   0x00000200   Zero   RW         1225    HEAP                startup_stm32f40_41xxx.o
    0x20001630   0x00000400   Zero   RW         1224    STACK               startup_stm32f40_41xxx.o


==============================================================================

Image component sizes


      Code (inc. data)   RO Data    RW Data    ZI Data      Debug   Object Name

      1468         74          0       1650         16       2911   adc.o
         0          0          0          0          0     251596   ano_dt.o
       200          4          0          0          0       1447   beep.o
       146          0          0          0          0        591   clock.o
      1052         72          0          0          0       2306   dma.o
       464         22          0          0          0       1390   exti.o
        96          0          0          0          0        604   fsmc.o
      2200         48          0          0        235       9003   gps.o
       688          4          0          0          0       2461   iic.o
      6388        502          0          4         20      12274   ili9488.o
      1892        454          0         21         96       3689   input_ctrl.o
       392         12          0          0          0       2434   key.o
         0          0      17100         60          0       1294   lcd_fonts.o
       180         10          0          0          0        761   led.o
       480        218          0          0          0     316056   main.o
       224         20          0          0          0       1813   misc.o
       598          0          0          0         20       4565   mpu9250.o
       844         22         10          0         80       6715   nrf24l01.o
      4056        490          0         11        448       7866   rc.o
      8272        974          0         47        240      11155   show.o
       316         10          0          0          0       1209   spi.o
        64         26        392          0       1536        840   startup_stm32f40_41xxx.o
      1124         24          0          0          0      10682   stm32f4xx_adc.o
       936         32          0          0          0       6385   stm32f4xx_dma.o
       272         10          0          0          0       2283   stm32f4xx_exti.o
      1688         32         28          0          0       6022   stm32f4xx_fsmc.o
       660         44          0          0          0       4153   stm32f4xx_gpio.o
        24          0          0          0          0       1147   stm32f4xx_it.o
      1628         52          0         16          0      13048   stm32f4xx_rcc.o
      1152         36          0          0          0       6901   stm32f4xx_spi.o
       148         12          0          0          0       1845   stm32f4xx_syscfg.o
      3234         60          0          0          0      23004   stm32f4xx_tim.o
      1108         34          0          0          0       7876   stm32f4xx_usart.o
       528         46          0         20          0       1851   system_stm32f4xx.o
       114          0          0          0          0        712   systick.o
       660         80          0          5          0       1560   timer.o
      2016        124          0         23       2048       6148   usart.o

    ----------------------------------------------------------------------
     45320       3548      17564       1864       4740     736597   Object Totals
         0          0         32          0          0          0   (incl. Generated)
         8          0          2          7          1          0   (incl. Padding)

    ----------------------------------------------------------------------

      Code (inc. data)   RO Data    RW Data    ZI Data      Debug   Library Member Name

        90          0          0          0          0          0   __dczerorl2.o
         8          0          0          0          0         68   __main.o
       312          4         17          0          0         92   __printf_flags_wp.o
        14          0          0          0          0         68   __printf_wp.o
         0          0          0          0          0          0   __rtentry.o
        12          0          0          0          0          0   __rtentry2.o
         6          0          0          0          0          0   __rtentry4.o
        52          8          0          0          0          0   __scatter.o
        28          0          0          0          0          0   __scatter_zi.o
         6          0          0          0          0          0   _printf_c.o
        44          0          0          0          0        108   _printf_char.o
        48          6          0          0          0         96   _printf_char_common.o
         6          0          0          0          0          0   _printf_d.o
       120         16          0          0          0         92   _printf_dec.o
         6          0          0          0          0          0   _printf_f.o
      1050          0          0          0          0        216   _printf_fp_dec.o
       128         16          0          0          0         84   _printf_fp_infnan.o
       178          0          0          0          0         88   _printf_intcommon.o
        78          0          0          0          0        108   _printf_pad.o
         0          0          0          0          0          0   _printf_percent.o
         4          0          0          0          0          0   _printf_percent_end.o
         6          0          0          0          0          0   _printf_s.o
        82          0          0          0          0         80   _printf_str.o
        10          0          0          0          0         68   _sputc.o
       220          4        148          0          0         96   bigflt0.o
      1910        128          0          0          0        672   btod.o
        18          0          0          0          0         80   exit.o
         6          0          0          0          0        152   heapauxi.o
         0          0          0          0          0          0   indicate_semi.o
        44         10         28          0          0         76   lc_numeric_c.o
         2          0          0          0          0          0   libinit.o
        22          0          0          0          0          0   libinit2.o
         2          0          0          0          0          0   libshutdown.o
         2          0          0          0          0          0   libshutdown2.o
         8          4          0          0         96         68   libspace.o
       138          0          0          0          0         80   lludiv10.o
        40          6          0          0          0         84   noretval__2sprintf.o
         8          4          0          0          0         68   rt_locale_intlibspace.o
        68          0          0          0          0         68   rt_memclr.o
        78          0          0          0          0         80   rt_memclr_w.o
       138          0          0          0          0         68   rt_memcpy_v6.o
       100          0          0          0          0         80   rt_memcpy_w.o
         2          0          0          0          0          0   rtexit.o
        10          0          0          0          0          0   rtexit2.o
       128          0          0          0          0         68   strcmpv7m.o
        36          0          0          0          0         80   strstr.o
        12          4          0          0          0         68   sys_exit.o
        74          0          0          0          0         80   sys_stackheap_outer.o
         2          0          0          0          0         68   use_no_semi.o
        12          0          0          0          0        116   dretinf.o
        86          4          0          0          0        132   f2d.o
       140          4          0          0          0        132   fnaninf.o
        10          0          0          0          0        116   fpinit.o
         4          0          0          0          0        116   printf1.o
         0          0          0          0          0          0   usenofp.o
        48          0          0          0          0        124   fpclassify.o

    ----------------------------------------------------------------------
      5664        218        196          0        100       3940   Library Totals
         8          0          3          0          4          0   (incl. Padding)

    ----------------------------------------------------------------------

      Code (inc. data)   RO Data    RW Data    ZI Data      Debug   Library Name

      5356        210        193          0         96       3204   c_w.l
       252          8          0          0          0        612   fz_wm.l
        48          0          0          0          0        124   m_wm.l

    ----------------------------------------------------------------------
      5664        218        196          0        100       3940   Library Totals

    ----------------------------------------------------------------------

==============================================================================


      Code (inc. data)   RO Data    RW Data    ZI Data      Debug   

     50984       3766      17760       1864       4840     731969   Grand Totals
     50984       3766      17760        128       4840     731969   ELF Image Totals (compressed)
     50984       3766      17760        128          0          0   ROM Totals

==============================================================================

    Total RO  Size (Code + RO Data)                68744 (  67.13kB)
    Total RW  Size (RW Data + ZI Data)              6704 (   6.55kB)
    Total ROM Size (Code + RO Data + RW Data)      68872 (  67.26kB)

==============================================================================

